Archive member included to satisfy reference by file (symbol)

C:/ST/STM32CubeIDE_1.15.0/STM32CubeIDE/plugins/com.st.stm32cube.ide.mcu.externaltools.gnu-tools-for-stm32.12.3.rel1.win32_1.0.100.202403111256/tools/bin/../lib/gcc/arm-none-eabi/12.3.1/../../../../arm-none-eabi/lib/thumb/v7e-m+fp/hard\libc_nano.a(libc_a-atoi.o)
                              ./Core/Src/main.o (atoi)
C:/ST/STM32CubeIDE_1.15.0/STM32CubeIDE/plugins/com.st.stm32cube.ide.mcu.externaltools.gnu-tools-for-stm32.12.3.rel1.win32_1.0.100.202403111256/tools/bin/../lib/gcc/arm-none-eabi/12.3.1/../../../../arm-none-eabi/lib/thumb/v7e-m+fp/hard\libc_nano.a(libc_a-exit.o)
                              C:/ST/STM32CubeIDE_1.15.0/STM32CubeIDE/plugins/com.st.stm32cube.ide.mcu.externaltools.gnu-tools-for-stm32.12.3.rel1.win32_1.0.100.202403111256/tools/bin/../lib/gcc/arm-none-eabi/12.3.1/../../../../arm-none-eabi/lib/thumb/v7e-m+fp/hard/crt0.o (exit)
C:/ST/STM32CubeIDE_1.15.0/STM32CubeIDE/plugins/com.st.stm32cube.ide.mcu.externaltools.gnu-tools-for-stm32.12.3.rel1.win32_1.0.100.202403111256/tools/bin/../lib/gcc/arm-none-eabi/12.3.1/../../../../arm-none-eabi/lib/thumb/v7e-m+fp/hard\libc_nano.a(libc_a-strtol.o)
                              C:/ST/STM32CubeIDE_1.15.0/STM32CubeIDE/plugins/com.st.stm32cube.ide.mcu.externaltools.gnu-tools-for-stm32.12.3.rel1.win32_1.0.100.202403111256/tools/bin/../lib/gcc/arm-none-eabi/12.3.1/../../../../arm-none-eabi/lib/thumb/v7e-m+fp/hard\libc_nano.a(libc_a-atoi.o) (_strtol_r)
C:/ST/STM32CubeIDE_1.15.0/STM32CubeIDE/plugins/com.st.stm32cube.ide.mcu.externaltools.gnu-tools-for-stm32.12.3.rel1.win32_1.0.100.202403111256/tools/bin/../lib/gcc/arm-none-eabi/12.3.1/../../../../arm-none-eabi/lib/thumb/v7e-m+fp/hard\libc_nano.a(libc_a-ctype_.o)
                              C:/ST/STM32CubeIDE_1.15.0/STM32CubeIDE/plugins/com.st.stm32cube.ide.mcu.externaltools.gnu-tools-for-stm32.12.3.rel1.win32_1.0.100.202403111256/tools/bin/../lib/gcc/arm-none-eabi/12.3.1/../../../../arm-none-eabi/lib/thumb/v7e-m+fp/hard\libc_nano.a(libc_a-strtol.o) (_ctype_)
C:/ST/STM32CubeIDE_1.15.0/STM32CubeIDE/plugins/com.st.stm32cube.ide.mcu.externaltools.gnu-tools-for-stm32.12.3.rel1.win32_1.0.100.202403111256/tools/bin/../lib/gcc/arm-none-eabi/12.3.1/../../../../arm-none-eabi/lib/thumb/v7e-m+fp/hard\libc_nano.a(libc_a-findfp.o)
                              C:/ST/STM32CubeIDE_1.15.0/STM32CubeIDE/plugins/com.st.stm32cube.ide.mcu.externaltools.gnu-tools-for-stm32.12.3.rel1.win32_1.0.100.202403111256/tools/bin/../lib/gcc/arm-none-eabi/12.3.1/../../../../arm-none-eabi/lib/thumb/v7e-m+fp/hard\libc_nano.a(libc_a-exit.o) (__stdio_exit_handler)
C:/ST/STM32CubeIDE_1.15.0/STM32CubeIDE/plugins/com.st.stm32cube.ide.mcu.externaltools.gnu-tools-for-stm32.12.3.rel1.win32_1.0.100.202403111256/tools/bin/../lib/gcc/arm-none-eabi/12.3.1/../../../../arm-none-eabi/lib/thumb/v7e-m+fp/hard\libc_nano.a(libc_a-fwalk.o)
                              C:/ST/STM32CubeIDE_1.15.0/STM32CubeIDE/plugins/com.st.stm32cube.ide.mcu.externaltools.gnu-tools-for-stm32.12.3.rel1.win32_1.0.100.202403111256/tools/bin/../lib/gcc/arm-none-eabi/12.3.1/../../../../arm-none-eabi/lib/thumb/v7e-m+fp/hard\libc_nano.a(libc_a-findfp.o) (_fwalk_sglue)
C:/ST/STM32CubeIDE_1.15.0/STM32CubeIDE/plugins/com.st.stm32cube.ide.mcu.externaltools.gnu-tools-for-stm32.12.3.rel1.win32_1.0.100.202403111256/tools/bin/../lib/gcc/arm-none-eabi/12.3.1/../../../../arm-none-eabi/lib/thumb/v7e-m+fp/hard\libc_nano.a(libc_a-puts.o)
                              ./Core/Src/main.o (puts)
C:/ST/STM32CubeIDE_1.15.0/STM32CubeIDE/plugins/com.st.stm32cube.ide.mcu.externaltools.gnu-tools-for-stm32.12.3.rel1.win32_1.0.100.202403111256/tools/bin/../lib/gcc/arm-none-eabi/12.3.1/../../../../arm-none-eabi/lib/thumb/v7e-m+fp/hard\libc_nano.a(libc_a-snprintf.o)
                              ./Core/Src/app_freertos.o (snprintf)
C:/ST/STM32CubeIDE_1.15.0/STM32CubeIDE/plugins/com.st.stm32cube.ide.mcu.externaltools.gnu-tools-for-stm32.12.3.rel1.win32_1.0.100.202403111256/tools/bin/../lib/gcc/arm-none-eabi/12.3.1/../../../../arm-none-eabi/lib/thumb/v7e-m+fp/hard\libc_nano.a(libc_a-stdio.o)
                              C:/ST/STM32CubeIDE_1.15.0/STM32CubeIDE/plugins/com.st.stm32cube.ide.mcu.externaltools.gnu-tools-for-stm32.12.3.rel1.win32_1.0.100.202403111256/tools/bin/../lib/gcc/arm-none-eabi/12.3.1/../../../../arm-none-eabi/lib/thumb/v7e-m+fp/hard\libc_nano.a(libc_a-findfp.o) (__sread)
C:/ST/STM32CubeIDE_1.15.0/STM32CubeIDE/plugins/com.st.stm32cube.ide.mcu.externaltools.gnu-tools-for-stm32.12.3.rel1.win32_1.0.100.202403111256/tools/bin/../lib/gcc/arm-none-eabi/12.3.1/../../../../arm-none-eabi/lib/thumb/v7e-m+fp/hard\libc_nano.a(libc_a-wbuf.o)
                              C:/ST/STM32CubeIDE_1.15.0/STM32CubeIDE/plugins/com.st.stm32cube.ide.mcu.externaltools.gnu-tools-for-stm32.12.3.rel1.win32_1.0.100.202403111256/tools/bin/../lib/gcc/arm-none-eabi/12.3.1/../../../../arm-none-eabi/lib/thumb/v7e-m+fp/hard\libc_nano.a(libc_a-puts.o) (__swbuf_r)
[...]
Memory Configuration

Name             Origin             Length             Attributes
RAM              0x20000000         0x00008000         xrw
FLASH            0x08000000         0x00020000         xr
*default*        0x00000000         0xffffffff

Linker script and memory map

LOAD C:/ST/STM32CubeIDE_1.15.0/STM32CubeIDE/plugins/com.st.stm32cube.ide.mcu.externaltools.gnu-tools-for-stm32.12.3.rel1.win32_1.0.100.202403111256/tools/bin/../lib/gcc/arm-none-eabi/12.3.1/thumb/v7e-m+fp/hard/crti.o
LOAD C:/ST/STM32CubeIDE_1.15.0/STM32CubeIDE/plugins/com.st.stm32cube.ide.mcu.externaltools.gnu-tools-for-stm32.12.3.rel1.win32_1.0.100.202403111256/tools/bin/../lib/gcc/arm-none-eabi/12.3.1/thumb/v7e-m+fp/hard/crtbegin.o
LOAD C:/ST/STM32CubeIDE_1.15.0/STM32CubeIDE/plugins/com.st.stm32cube.ide.mcu.externaltools.gnu-tools-for-stm32.12.3.rel1.win32_1.0.100.202403111256/tools/bin/../lib/gcc/arm-none-eabi/12.3.1/../../../../arm-none-eabi/lib/thumb/v7e-m+fp/hard/crt0.o
LOAD ./Core/Src/app_freertos.o
LOAD ./Core/Src/main.o
LOAD ./Core/Src/stm32g4xx_hal_msp.o
LOAD ./Core/Src/stm32g4xx_hal_timebase_tim.o
LOAD ./Core/Src/stm32g4xx_it.o
LOAD ./Core/Src/syscalls.o
LOAD ./Core/Src/sysmem.o
LOAD ./Core/Src/system_stm32g4xx.o
LOAD ./Core/Startup/startup_stm32g431cbux.o
LOAD ./Drivers/STM32G4xx_HAL_Driver/Src/stm32g4xx_hal.o
LOAD ./Drivers/STM32G4xx_HAL_Driver/Src/stm32g4xx_hal_cortex.o
LOAD ./Drivers/STM32G4xx_HAL_Driver/Src/stm32g4xx_hal_dma.o
LOAD ./Drivers/STM32G4xx_HAL_Driver/Src/stm32g4xx_hal_dma_ex.o
LOAD ./Drivers/STM32G4xx_HAL_Driver/Src/stm32g4xx_hal_exti.o
LOAD ./Drivers/STM32G4xx_HAL_Driver/Src/stm32g4xx_hal_flash.o
LOAD ./Drivers/STM32G4xx_HAL_Driver/Src/stm32g4xx_hal_flash_ex.o
LOAD ./Drivers/STM32G4xx_HAL_Driver/Src/stm32g4xx_hal_flash_ramfunc.o
LOAD ./Drivers/STM32G4xx_HAL_Driver/Src/stm32g4xx_hal_gpio.o
LOAD ./Drivers/STM32G4xx_HAL_Driver/Src/stm32g4xx_hal_pcd.o
LOAD ./Drivers/STM32G4xx_HAL_Driver/Src/stm32g4xx_hal_pcd_ex.o
LOAD ./Drivers/STM32G4xx_HAL_Driver/Src/stm32g4xx_hal_pwr.o
LOAD ./Drivers/STM32G4xx_HAL_Driver/Src/stm32g4xx_hal_pwr_ex.o
LOAD ./Drivers/STM32G4xx_HAL_Driver/Src/stm32g4xx_hal_rcc.o
LOAD ./Drivers/STM32G4xx_HAL_Driver/Src/stm32g4xx_hal_rcc_ex.o
LOAD ./Drivers/STM32G4xx_HAL_Driver/Src/stm32g4xx_hal_tim.o
LOAD ./Drivers/STM32G4xx_HAL_Driver/Src/stm32g4xx_hal_tim_ex.o
LOAD ./Drivers/STM32G4xx_HAL_Driver/Src/stm32g4xx_ll_usb.o
LOAD ./Middlewares/ST/STM32_USB_Device_Library/Class/CDC/Src/usbd_cdc.o
LOAD ./Middlewares/ST/STM32_USB_Device_Library/Core/Src/usbd_core.o
LOAD ./Middlewares/ST/STM32_USB_Device_Library/Core/Src/usbd_ctlreq.o
LOAD ./Middlewares/ST/STM32_USB_Device_Library/Core/Src/usbd_ioreq.o
LOAD ./Middlewares/Third_Party/FreeRTOS/Source/CMSIS_RTOS_V2/cmsis_os2.o
LOAD ./Middlewares/Third_Party/FreeRTOS/Source/croutine.o
LOAD ./Middlewares/Third_Party/FreeRTOS/Source/event_groups.o
LOAD ./Middlewares/Third_Party/FreeRTOS/Source/list.o
LOAD ./Middlewares/Third_Party/FreeRTOS/Source/queue.o
LOAD ./Middlewares/Third_Party/FreeRTOS/Source/stream_buffer.o
LOAD ./Middlewares/Third_Party/FreeRTOS/Source/tasks.o
LOAD ./Middlewares/Third_Party/FreeRTOS/Source/timers.o
LOAD ./Middlewares/Third_Party/FreeRTOS/Source/portable/GCC/ARM_CM4F/port.o
LOAD ./Middlewares/Third_Party/FreeRTOS/Source/portable/MemMang/heap_4.o
LOAD ./USB_Device/App/usb_device.o
LOAD ./USB_Device/App/usbd_cdc_if.o
LOAD ./USB_Device/App/usbd_desc.o
LOAD ./USB_Device/Target/usbd_conf.o
START GROUP
LOAD C:/ST/STM32CubeIDE_1.15.0/STM32CubeIDE/plugins/com.st.stm32cube.ide.mcu.externaltools.gnu-tools-for-stm32.12.3.rel1.win32_1.0.100.202403111256/tools/bin/../lib/gcc/arm-none-eabi/12.3.1/../../../../arm-none-eabi/lib/thumb/v7e-m+fp/hard\libc_nano.a
LOAD C:/ST/STM32CubeIDE_1.15.0/STM32CubeIDE/plugins/com.st.stm32cube.ide.mcu.externaltools.gnu-tools-for-stm32.12.3.rel1.win32_1.0.100.202403111256/tools/bin/../lib/gcc/arm-none-eabi/12.3.1/../../../../arm-none-eabi/lib/thumb/v7e-m+fp/hard\libm.a
END GROUP
START GROUP
LOAD C:/ST/STM32CubeIDE_1.15.0/STM32CubeIDE/plugins/com.st.stm32cube.ide.mcu.externaltools.gnu-tools-for-stm32.12.3.rel1.win32_1.0.100.202403111256/tools/bin/../lib/gcc/arm-none-eabi/12.3.1/thumb/v7e-m+fp/hard\libgcc.a
LOAD C:/ST/STM32CubeIDE_1.15.0/STM32CubeIDE/plugins/com.st.stm32cube.ide.mcu.externaltools.gnu-tools-for-stm32.12.3.rel1.win32_1.0.100.202403111256/tools/bin/../lib/gcc/arm-none-eabi/12.3.1/../../../../arm-none-eabi/lib/thumb/v7e-m+fp/hard\libc_nano.a
END GROUP
START GROUP
LOAD C:/ST/STM32CubeIDE_1.15.0/STM32CubeIDE/plugins/com.st.stm32cube.ide.mcu.externaltools.gnu-tools-for-stm32.12.3.rel1.win32_1.0.100.202403111256/tools/bin/../lib/gcc/arm-none-eabi/12.3.1/thumb/v7e-m+fp/hard\libgcc.a
LOAD C:/ST/STM32CubeIDE_1.15.0/STM32CubeIDE/plugins/com.st.stm32cube.ide.mcu.externaltools.gnu-tools-for-stm32.12.3.rel1.win32_1.0.100.202403111256/tools/bin/../lib/gcc/arm-none-eabi/12.3.1/../../../../arm-none-eabi/lib/thumb/v7e-m+fp/hard\libc_nano.a
LOAD C:/ST/STM32CubeIDE_1.15.0/STM32CubeIDE/plugins/com.st.stm32cube.ide.mcu.externaltools.gnu-tools-for-stm32.12.3.rel1.win32_1.0.100.202403111256/tools/bin/../lib/gcc/arm-none-eabi/12.3.1/../../../../arm-none-eabi/lib/thumb/v7e-m+fp/hard\libnosys.a
END GROUP
START GROUP
LOAD C:/ST/STM32CubeIDE_1.15.0/STM32CubeIDE/plugins/com.st.stm32cube.ide.mcu.externaltools.gnu-tools-for-stm32.12.3.rel1.win32_1.0.100.202403111256/tools/bin/../lib/gcc/arm-none-eabi/12.3.1/thumb/v7e-m+fp/hard\libgcc.a
LOAD C:/ST/STM32CubeIDE_1.15.0/STM32CubeIDE/plugins/com.st.stm32cube.ide.mcu.externaltools.gnu-tools-for-stm32.12.3.rel1.win32_1.0.100.202403111256/tools/bin/../lib/gcc/arm-none-eabi/12.3.1/../../../../arm-none-eabi/lib/thumb/v7e-m+fp/hard\libc_nano.a
LOAD C:/ST/STM32CubeIDE_1.15.0/STM32CubeIDE/plugins/com.st.stm32cube.ide.mcu.externaltools.gnu-tools-for-stm32.12.3.rel1.win32_1.0.100.202403111256/tools/bin/../lib/gcc/arm-none-eabi/12.3.1/../../../../arm-none-eabi/lib/thumb/v7e-m+fp/hard\libnosys.a
END GROUP
LOAD C:/ST/STM32CubeIDE_1.15.0/STM32CubeIDE/plugins/com.st.stm32cube.ide.mcu.externaltools.gnu-tools-for-stm32.12.3.rel1.win32_1.0.100.202403111256/tools/bin/../lib/gcc/arm-none-eabi/12.3.1/thumb/v7e-m+fp/hard/crtend.o
LOAD C:/ST/STM32CubeIDE_1.15.0/STM32CubeIDE/plugins/com.st.stm32cube.ide.mcu.externaltools.gnu-tools-for-stm32.12.3.rel1.win32_1.0.100.202403111256/tools/bin/../lib/gcc/arm-none-eabi/12.3.1/thumb/v7e-m+fp/hard/crtn.o
                0x20008000                        _estack = (ORIGIN (RAM) + LENGTH (RAM))
                0x00000200                        _Min_Heap_Size = 0x200
                0x00000400                        _Min_Stack_Size = 0x400

.isr_vector     0x08000000      0x1d8
                0x08000000                        . = ALIGN (0x4)
 *(.isr_vector)
 .isr_vector    0x08000000      0x1d8 ./Core/Startup/startup_stm32g431cbux.o
                0x08000000                g_pfnVectors
                0x080001d8                        . = ALIGN (0x4)

.text           0x080001e0     0xecfc
                0x080001e0                        . = ALIGN (0x4)
 *(.text)
 .text          0x080001e0       0x40 C:/ST/STM32CubeIDE_1.15.0/STM32CubeIDE/plugins/com.st.stm32cube.ide.mcu.externaltools.gnu-tools-for-stm32.12.3.rel1.win32_1.0.100.202403111256/tools/bin/../lib/gcc/arm-none-eabi/12.3.1/thumb/v7e-m+fp/hard/crtbegin.o
 .text          0x08000220       0x10 C:/ST/STM32CubeIDE_1.15.0/STM32CubeIDE/plugins/com.st.stm32cube.ide.mcu.externaltools.gnu-tools-for-stm32.12.3.rel1.win32_1.0.100.202403111256/tools/bin/../lib/gcc/arm-none-eabi/12.3.1/../../../../arm-none-eabi/lib/thumb/v7e-m+fp/hard\libc_nano.a(libc_a-strlen.o)
                0x08000220                strlen
 .text          0x08000230       0xa0 C:/ST/STM32CubeIDE_1.15.0/STM32CubeIDE/plugins/com.st.stm32cube.ide.mcu.externaltools.gnu-tools-for-stm32.12.3.rel1.win32_1.0.100.202403111256/tools/bin/../lib/gcc/arm-none-eabi/12.3.1/../../../../arm-none-eabi/lib/thumb/v7e-m+fp/hard\libc_nano.a(libc_a-memchr.o)
                0x08000230                memchr
 *(.text*)
 .text.__NVIC_SystemReset
                0x080002d0       0x2c ./Core/Src/app_freertos.o
 .text.vApplicationStackOverflowHook
                0x080002fc       0x38 ./Core/Src/app_freertos.o
                0x080002fc                vApplicationStackOverflowHook
 .text.vApplicationMallocFailedHook
                0x08000334       0x14 ./Core/Src/app_freertos.o
                0x08000334                vApplicationMallocFailedHook
 .text.main     0x08000348      0x138 ./Core/Src/main.o
                0x08000348                main
 .text.SystemClock_Config
                0x08000480       0x98 ./Core/Src/main.o
                0x08000480                SystemClock_Config
 .text.MX_TIM2_Init
                0x08000518      0x130 ./Core/Src/main.o
 .text.MX_GPIO_Init
                0x08000648       0x94 ./Core/Src/main.o
 .text.Pwm_WriteServo
                0x080006dc       0x94 ./Core/Src/main.o
                0x080006dc                Pwm_WriteServo
 .text.Servo_Ramp
                0x08000770       0x80 ./Core/Src/main.o
                0x08000770                Servo_Ramp
 .text.Angle_Cal_Task
                0x080007f0      0x268 ./Core/Src/main.o
                0x080007f0                Angle_Cal_Task
 .text.Servo_Base_Task
                0x08000a58       0x8c ./Core/Src/main.o
                0x08000a58                Servo_Base_Task
 .text.Servo_Joint_1_Task
                0x08000ae4       0x94 ./Core/Src/main.o
                0x08000ae4                Servo_Joint_1_Task
 .text.Servo_Gripper_Task
                0x08000b78       0x94 ./Core/Src/main.o
                0x08000b78                Servo_Gripper_Task
 .text.Servo_Joint_2_Task
                0x08000c0c       0x94 ./Core/Src/main.o
                0x08000c0c                Servo_Joint_2_Task
 .text.HAL_TIM_PeriodElapsedCallback
                0x08000ca0       0x24 ./Core/Src/main.o
                0x08000ca0                HAL_TIM_PeriodElapsedCallback
 .text.Error_Handler
                0x08000cc4        0xc ./Core/Src/main.o
                0x08000cc4                Error_Handler
 .text.HAL_MspInit
                0x08000cd0       0x54 ./Core/Src/stm32g4xx_hal_msp.o
                0x08000cd0                HAL_MspInit
 .text.HAL_TIM_Base_MspInit
                0x08000d24       0x3c ./Core/Src/stm32g4xx_hal_msp.o
                0x08000d24                HAL_TIM_Base_MspInit
 .text.HAL_TIM_MspPostInit
                0x08000d60       0x68 ./Core/Src/stm32g4xx_hal_msp.o
                0x08000d60                HAL_TIM_MspPostInit
 .text.HAL_InitTick
                0x08000dc8       0xd8 ./Core/Src/stm32g4xx_hal_timebase_tim.o
                0x08000dc8                HAL_InitTick
 .text.NMI_Handler
                0x08000ea0        0x8 ./Core/Src/stm32g4xx_it.o
                0x08000ea0                NMI_Handler
 .text.HardFault_Handler
                0x08000ea8        0x8 ./Core/Src/stm32g4xx_it.o
                0x08000ea8                HardFault_Handler
 .text.MemManage_Handler
                0x08000eb0        0x8 ./Core/Src/stm32g4xx_it.o
                0x08000eb0                MemManage_Handler
 .text.BusFault_Handler
                0x08000eb8        0x8 ./Core/Src/stm32g4xx_it.o
                0x08000eb8                BusFault_Handler
 .text.UsageFault_Handler
                0x08000ec0        0x8 ./Core/Src/stm32g4xx_it.o
                0x08000ec0                UsageFault_Handler
 .text.DebugMon_Handler
                0x08000ec8        0xe ./Core/Src/stm32g4xx_it.o
                0x08000ec8                DebugMon_Handler
 *fill*         0x08000ed6        0x2 
 .text.USB_HP_IRQHandler
                0x08000ed8       0x14 ./Core/Src/stm32g4xx_it.o
                0x08000ed8                USB_HP_IRQHandler
 .text.USB_LP_IRQHandler
                0x08000eec       0x14 ./Core/Src/stm32g4xx_it.o
                0x08000eec                USB_LP_IRQHandler
 .text.TIM7_IRQHandler
                0x08000f00       0x14 ./Core/Src/stm32g4xx_it.o
                0x08000f00                TIM7_IRQHandler
 .text._getpid  0x08000f14       0x10 ./Core/Src/syscalls.o
                0x08000f14                _getpid
 .text._kill    0x08000f24       0x20 ./Core/Src/syscalls.o
                0x08000f24                _kill
 .text._exit    0x08000f44       0x16 ./Core/Src/syscalls.o
                0x08000f44                _exit
 .text._read    0x08000f5a       0x3a ./Core/Src/syscalls.o
                0x08000f5a                _read
 .text._write   0x08000f94       0x38 ./Core/Src/syscalls.o
                0x08000f94                _write
 .text._close   0x08000fcc       0x18 ./Core/Src/syscalls.o
                0x08000fcc                _close
 .text._fstat   0x08000fe4       0x20 ./Core/Src/syscalls.o
                0x08000fe4                _fstat
 .text._isatty  0x08001004       0x16 ./Core/Src/syscalls.o
                0x08001004                _isatty
 .text._lseek   0x0800101a       0x1a ./Core/Src/syscalls.o
                0x0800101a                _lseek
 .text._sbrk    0x08001034       0x6c ./Core/Src/sysmem.o
                0x08001034                _sbrk
 .text.SystemInit
                0x080010a0       0x24 ./Core/Src/system_stm32g4xx.o
                0x080010a0                SystemInit
 .text.Reset_Handler
                0x080010c4       0x50 ./Core/Startup/startup_stm32g431cbux.o
                0x080010c4                Reset_Handler
 .text.Default_Handler
                0x08001114        0x2 ./Core/Startup/startup_stm32g431cbux.o
                0x08001114                RTC_Alarm_IRQHandler
                0x08001114                EXTI2_IRQHandler
                0x08001114                TIM8_TRG_COM_IRQHandler
                0x08001114                TIM8_CC_IRQHandler
                0x08001114                TIM1_CC_IRQHandler
                0x08001114                CORDIC_IRQHandler
                0x08001114                EXTI3_IRQHandler
                0x08001114                I2C3_ER_IRQHandler
                0x08001114                EXTI0_IRQHandler
                0x08001114                I2C2_EV_IRQHandler
                0x08001114                FPU_IRQHandler
                0x08001114                FDCAN1_IT1_IRQHandler
                0x08001114                TIM1_UP_TIM16_IRQHandler
                0x08001114                ADC1_2_IRQHandler
                0x08001114                SPI1_IRQHandler
                0x08001114                TIM6_DAC_IRQHandler
                0x08001114                TIM8_UP_IRQHandler
                0x08001114                DMA2_Channel2_IRQHandler
                0x08001114                DMA1_Channel4_IRQHandler
                0x08001114                USART3_IRQHandler
                0x08001114                TIM4_IRQHandler
                0x08001114                DMA2_Channel1_IRQHandler
                0x08001114                I2C1_EV_IRQHandler
                0x08001114                DMA1_Channel6_IRQHandler
                0x08001114                UART4_IRQHandler
                0x08001114                DMA2_Channel4_IRQHandler
                0x08001114                TIM3_IRQHandler
                0x08001114                RCC_IRQHandler
                0x08001114                DMA1_Channel1_IRQHandler
                0x08001114                Default_Handler
                0x08001114                RTC_TAMP_LSECSS_IRQHandler
                0x08001114                FMAC_IRQHandler
                0x08001114                EXTI15_10_IRQHandler
                0x08001114                UCPD1_IRQHandler
                0x08001114                I2C3_EV_IRQHandler
                0x08001114                EXTI9_5_IRQHandler
                0x08001114                RTC_WKUP_IRQHandler
                0x08001114                PVD_PVM_IRQHandler
                0x08001114                SPI2_IRQHandler
                0x08001114                DMA2_Channel5_IRQHandler
                0x08001114                CRS_IRQHandler
                0x08001114                DMA1_Channel5_IRQHandler
                0x08001114                EXTI4_IRQHandler
                0x08001114                RNG_IRQHandler
                0x08001114                TIM1_TRG_COM_TIM17_IRQHandler
                0x08001114                DMA1_Channel3_IRQHandler
                0x08001114                WWDG_IRQHandler
                0x08001114                LPUART1_IRQHandler
                0x08001114                DMA2_Channel6_IRQHandler
                0x08001114                FDCAN1_IT0_IRQHandler
                0x08001114                TIM2_IRQHandler
                0x08001114                COMP1_2_3_IRQHandler
                0x08001114                EXTI1_IRQHandler
                0x08001114                USART2_IRQHandler
                0x08001114                I2C2_ER_IRQHandler
                0x08001114                DMA1_Channel2_IRQHandler
                0x08001114                TIM8_BRK_IRQHandler
                0x08001114                FLASH_IRQHandler
                0x08001114                USART1_IRQHandler
                0x08001114                SPI3_IRQHandler
                0x08001114                I2C1_ER_IRQHandler
                0x08001114                LPTIM1_IRQHandler
                0x08001114                DMAMUX_OVR_IRQHandler
                0x08001114                USBWakeUp_IRQHandler
                0x08001114                SAI1_IRQHandler
                0x08001114                DMA2_Channel3_IRQHandler
                0x08001114                COMP4_IRQHandler
                0x08001114                TIM1_BRK_TIM15_IRQHandler
 .text.HAL_Init
                0x08001116       0x30 ./Drivers/STM32G4xx_HAL_Driver/Src/stm32g4xx_hal.o
                0x08001116                HAL_Init
 *fill*         0x08001146        0x2 
 .text.HAL_IncTick
                0x08001148       0x24 ./Drivers/STM32G4xx_HAL_Driver/Src/stm32g4xx_hal.o
                0x08001148                HAL_IncTick
 .text.HAL_GetTick
                0x0800116c       0x18 ./Drivers/STM32G4xx_HAL_Driver/Src/stm32g4xx_hal.o
                0x0800116c                HAL_GetTick
 .text.HAL_Delay
                0x08001184       0x44 ./Drivers/STM32G4xx_HAL_Driver/Src/stm32g4xx_hal.o
                0x08001184                HAL_Delay
 .text.__NVIC_SetPriorityGrouping
                0x080011c8       0x48 ./Drivers/STM32G4xx_HAL_Driver/Src/stm32g4xx_hal_cortex.o
 .text.__NVIC_GetPriorityGrouping
                0x08001210       0x1c ./Drivers/STM32G4xx_HAL_Driver/Src/stm32g4xx_hal_cortex.o
 .text.__NVIC_EnableIRQ
                0x0800122c       0x3c ./Drivers/STM32G4xx_HAL_Driver/Src/stm32g4xx_hal_cortex.o
 .text.__NVIC_SetPriority
                0x08001268       0x54 ./Drivers/STM32G4xx_HAL_Driver/Src/stm32g4xx_hal_cortex.o
 .text.NVIC_EncodePriority
                0x080012bc       0x66 ./Drivers/STM32G4xx_HAL_Driver/Src/stm32g4xx_hal_cortex.o
 .text.HAL_NVIC_SetPriorityGrouping
                0x08001322       0x16 ./Drivers/STM32G4xx_HAL_Driver/Src/stm32g4xx_hal_cortex.o
                0x08001322                HAL_NVIC_SetPriorityGrouping
 .text.HAL_NVIC_SetPriority
                0x08001338       0x34 ./Drivers/STM32G4xx_HAL_Driver/Src/stm32g4xx_hal_cortex.o
                0x08001338                HAL_NVIC_SetPriority
 .text.HAL_NVIC_EnableIRQ
                0x0800136c       0x1c ./Drivers/STM32G4xx_HAL_Driver/Src/stm32g4xx_hal_cortex.o
                0x0800136c                HAL_NVIC_EnableIRQ
 .text.HAL_GPIO_Init
                0x08001388      0x304 ./Drivers/STM32G4xx_HAL_Driver/Src/stm32g4xx_hal_gpio.o
                0x08001388                HAL_GPIO_Init
 .text.HAL_GPIO_WritePin
                0x0800168c       0x30 ./Drivers/STM32G4xx_HAL_Driver/Src/stm32g4xx_hal_gpio.o
                0x0800168c                HAL_GPIO_WritePin
 .text.HAL_PCD_Init
                0x080016bc      0x19c ./Drivers/STM32G4xx_HAL_Driver/Src/stm32g4xx_hal_pcd.o
                0x080016bc                HAL_PCD_Init
 .text.HAL_PCD_Start
                0x08001858       0x44 ./Drivers/STM32G4xx_HAL_Driver/Src/stm32g4xx_hal_pcd.o
                0x08001858                HAL_PCD_Start
 .text.HAL_PCD_IRQHandler
                0x0800189c      0x24e ./Drivers/STM32G4xx_HAL_Driver/Src/stm32g4xx_hal_pcd.o
                0x0800189c                HAL_PCD_IRQHandler
 .text.HAL_PCD_SetAddress
                0x08001aea       0x48 ./Drivers/STM32G4xx_HAL_Driver/Src/stm32g4xx_hal_pcd.o
                0x08001aea                HAL_PCD_SetAddress
 .text.HAL_PCD_EP_Open
                0x08001b32       0xba ./Drivers/STM32G4xx_HAL_Driver/Src/stm32g4xx_hal_pcd.o
                0x08001b32                HAL_PCD_EP_Open
 .text.HAL_PCD_EP_Close
                0x08001bec       0x90 ./Drivers/STM32G4xx_HAL_Driver/Src/stm32g4xx_hal_pcd.o
                0x08001bec                HAL_PCD_EP_Close
 .text.HAL_PCD_EP_Receive
                0x08001c7c       0x62 ./Drivers/STM32G4xx_HAL_Driver/Src/stm32g4xx_hal_pcd.o
                0x08001c7c                HAL_PCD_EP_Receive
 .text.HAL_PCD_EP_GetRxCount
                0x08001cde       0x30 ./Drivers/STM32G4xx_HAL_Driver/Src/stm32g4xx_hal_pcd.o
                0x08001cde                HAL_PCD_EP_GetRxCount
 .text.HAL_PCD_EP_Transmit
                0x08001d0e       0x6e ./Drivers/STM32G4xx_HAL_Driver/Src/stm32g4xx_hal_pcd.o
                0x08001d0e                HAL_PCD_EP_Transmit
 .text.HAL_PCD_EP_SetStall
                0x08001d7c       0xa4 ./Drivers/STM32G4xx_HAL_Driver/Src/stm32g4xx_hal_pcd.o
                0x08001d7c                HAL_PCD_EP_SetStall
 .text.HAL_PCD_EP_ClrStall
                0x08001e20       0xa8 ./Drivers/STM32G4xx_HAL_Driver/Src/stm32g4xx_hal_pcd.o
                0x08001e20                HAL_PCD_EP_ClrStall
 .text.PCD_EP_ISR_Handler
                0x08001ec8      0x782 ./Drivers/STM32G4xx_HAL_Driver/Src/stm32g4xx_hal_pcd.o
 .text.HAL_PCD_EP_DB_Receive
                0x0800264a      0x212 ./Drivers/STM32G4xx_HAL_Driver/Src/stm32g4xx_hal_pcd.o
 .text.HAL_PCD_EP_DB_Transmit
                0x0800285c      0x7ec ./Drivers/STM32G4xx_HAL_Driver/Src/stm32g4xx_hal_pcd.o
 .text.HAL_PCDEx_PMAConfig
                0x08003048       0x86 ./Drivers/STM32G4xx_HAL_Driver/Src/stm32g4xx_hal_pcd_ex.o
                0x08003048                HAL_PCDEx_PMAConfig
 .text.HAL_PCDEx_ActivateLPM
                0x080030ce       0x54 ./Drivers/STM32G4xx_HAL_Driver/Src/stm32g4xx_hal_pcd_ex.o
                0x080030ce                HAL_PCDEx_ActivateLPM
 *fill*         0x08003122        0x2 
 .text.HAL_PWREx_ControlVoltageScaling
                0x08003124      0x148 ./Drivers/STM32G4xx_HAL_Driver/Src/stm32g4xx_hal_pwr_ex.o
                0x08003124                HAL_PWREx_ControlVoltageScaling
 .text.HAL_PWREx_DisableUCPDDeadBattery
                0x0800326c       0x20 ./Drivers/STM32G4xx_HAL_Driver/Src/stm32g4xx_hal_pwr_ex.o
                0x0800326c                HAL_PWREx_DisableUCPDDeadBattery
 .text.HAL_RCC_OscConfig
                0x0800328c      0x624 ./Drivers/STM32G4xx_HAL_Driver/Src/stm32g4xx_hal_rcc.o
                0x0800328c                HAL_RCC_OscConfig
 .text.HAL_RCC_ClockConfig
                0x080038b0      0x278 ./Drivers/STM32G4xx_HAL_Driver/Src/stm32g4xx_hal_rcc.o
                0x080038b0                HAL_RCC_ClockConfig
 .text.HAL_RCC_GetSysClockFreq
                0x08003b28       0xc4 ./Drivers/STM32G4xx_HAL_Driver/Src/stm32g4xx_hal_rcc.o
                0x08003b28                HAL_RCC_GetSysClockFreq
 .text.HAL_RCC_GetHCLKFreq
                0x08003bec       0x18 ./Drivers/STM32G4xx_HAL_Driver/Src/stm32g4xx_hal_rcc.o
                0x08003bec                HAL_RCC_GetHCLKFreq
 .text.HAL_RCC_GetPCLK1Freq
                0x08003c04       0x2c ./Drivers/STM32G4xx_HAL_Driver/Src/stm32g4xx_hal_rcc.o
                0x08003c04                HAL_RCC_GetPCLK1Freq
 .text.HAL_RCC_GetClockConfig
                0x08003c30       0x64 ./Drivers/STM32G4xx_HAL_Driver/Src/stm32g4xx_hal_rcc.o
                0x08003c30                HAL_RCC_GetClockConfig
 .text.RCC_GetSysClockFreqFromPLLSource
                0x08003c94       0x8c ./Drivers/STM32G4xx_HAL_Driver/Src/stm32g4xx_hal_rcc.o
 .text.HAL_RCCEx_PeriphCLKConfig
                0x08003d20      0x3e0 ./Drivers/STM32G4xx_HAL_Driver/Src/stm32g4xx_hal_rcc_ex.o
                0x08003d20                HAL_RCCEx_PeriphCLKConfig
 .text.HAL_TIM_Base_Init
                0x08004100       0xae ./Drivers/STM32G4xx_HAL_Driver/Src/stm32g4xx_hal_tim.o
                0x08004100                HAL_TIM_Base_Init
 *fill*         0x080041ae        0x2 
 .text.HAL_TIM_Base_Start_IT
                0x080041b0       0xd4 ./Drivers/STM32G4xx_HAL_Driver/Src/stm32g4xx_hal_tim.o
                0x080041b0                HAL_TIM_Base_Start_IT
 .text.HAL_TIM_PWM_Init
                0x08004284       0xae ./Drivers/STM32G4xx_HAL_Driver/Src/stm32g4xx_hal_tim.o
                0x08004284                HAL_TIM_PWM_Init
 .text.HAL_TIM_PWM_MspInit
                0x08004332       0x14 ./Drivers/STM32G4xx_HAL_Driver/Src/stm32g4xx_hal_tim.o
                0x08004332                HAL_TIM_PWM_MspInit
 *fill*         0x08004346        0x2 
 .text.HAL_TIM_PWM_Start
                0x08004348      0x200 ./Drivers/STM32G4xx_HAL_Driver/Src/stm32g4xx_hal_tim.o
                0x08004348                HAL_TIM_PWM_Start
 .text.HAL_TIM_IRQHandler
                0x08004548      0x29e ./Drivers/STM32G4xx_HAL_Driver/Src/stm32g4xx_hal_tim.o
                0x08004548                HAL_TIM_IRQHandler
 *fill*         0x080047e6        0x2 
 .text.HAL_TIM_PWM_ConfigChannel
                0x080047e8      0x228 ./Drivers/STM32G4xx_HAL_Driver/Src/stm32g4xx_hal_tim.o
                0x080047e8                HAL_TIM_PWM_ConfigChannel
 .text.HAL_TIM_ConfigClockSource
                0x08004a10      0x1f4 ./Drivers/STM32G4xx_HAL_Driver/Src/stm32g4xx_hal_tim.o
                0x08004a10                HAL_TIM_ConfigClockSource
 .text.HAL_TIM_OC_DelayElapsedCallback
                0x08004c04       0x14 ./Drivers/STM32G4xx_HAL_Driver/Src/stm32g4xx_hal_tim.o
                0x08004c04                HAL_TIM_OC_DelayElapsedCallback
 .text.HAL_TIM_IC_CaptureCallback
                0x08004c18       0x14 ./Drivers/STM32G4xx_HAL_Driver/Src/stm32g4xx_hal_tim.o
                0x08004c18                HAL_TIM_IC_CaptureCallback
 .text.HAL_TIM_PWM_PulseFinishedCallback
                0x08004c2c       0x14 ./Drivers/STM32G4xx_HAL_Driver/Src/stm32g4xx_hal_tim.o
                0x08004c2c                HAL_TIM_PWM_PulseFinishedCallback
 .text.HAL_TIM_TriggerCallback
                0x08004c40       0x14 ./Drivers/STM32G4xx_HAL_Driver/Src/stm32g4xx_hal_tim.o
                0x08004c40                HAL_TIM_TriggerCallback
 .text.TIM_Base_SetConfig
                0x08004c54      0x138 ./Drivers/STM32G4xx_HAL_Driver/Src/stm32g4xx_hal_tim.o
                0x08004c54                TIM_Base_SetConfig
 .text.TIM_OC1_SetConfig
                0x08004d8c      0x120 ./Drivers/STM32G4xx_HAL_Driver/Src/stm32g4xx_hal_tim.o
 .text.TIM_OC2_SetConfig
                0x08004eac      0x114 ./Drivers/STM32G4xx_HAL_Driver/Src/stm32g4xx_hal_tim.o
                0x08004eac                TIM_OC2_SetConfig
 .text.TIM_OC3_SetConfig
                0x08004fc0      0x110 ./Drivers/STM32G4xx_HAL_Driver/Src/stm32g4xx_hal_tim.o
 .text.TIM_OC4_SetConfig
                0x080050d0      0x114 ./Drivers/STM32G4xx_HAL_Driver/Src/stm32g4xx_hal_tim.o
 .text.TIM_OC5_SetConfig
                0x080051e4       0xc8 ./Drivers/STM32G4xx_HAL_Driver/Src/stm32g4xx_hal_tim.o
 .text.TIM_OC6_SetConfig
                0x080052ac       0xcc ./Drivers/STM32G4xx_HAL_Driver/Src/stm32g4xx_hal_tim.o
 .text.TIM_TI1_ConfigInputStage
                0x08005378       0x5e ./Drivers/STM32G4xx_HAL_Driver/Src/stm32g4xx_hal_tim.o
 .text.TIM_TI2_ConfigInputStage
                0x080053d6       0x60 ./Drivers/STM32G4xx_HAL_Driver/Src/stm32g4xx_hal_tim.o
 .text.TIM_ITRx_SetConfig
                0x08005436       0x3a ./Drivers/STM32G4xx_HAL_Driver/Src/stm32g4xx_hal_tim.o
 .text.TIM_ETR_SetConfig
                0x08005470       0x40 ./Drivers/STM32G4xx_HAL_Driver/Src/stm32g4xx_hal_tim.o
                0x08005470                TIM_ETR_SetConfig
 .text.TIM_CCxChannelCmd
                0x080054b0       0x4a ./Drivers/STM32G4xx_HAL_Driver/Src/stm32g4xx_hal_tim.o
                0x080054b0                TIM_CCxChannelCmd
 *fill*         0x080054fa        0x2 
 .text.HAL_TIMEx_MasterConfigSynchronization
                0x080054fc      0x104 ./Drivers/STM32G4xx_HAL_Driver/Src/stm32g4xx_hal_tim_ex.o
                0x080054fc                HAL_TIMEx_MasterConfigSynchronization
 .text.HAL_TIMEx_CommutCallback
                0x08005600       0x14 ./Drivers/STM32G4xx_HAL_Driver/Src/stm32g4xx_hal_tim_ex.o
                0x08005600                HAL_TIMEx_CommutCallback
 .text.HAL_TIMEx_BreakCallback
                0x08005614       0x14 ./Drivers/STM32G4xx_HAL_Driver/Src/stm32g4xx_hal_tim_ex.o
                0x08005614                HAL_TIMEx_BreakCallback
 .text.HAL_TIMEx_Break2Callback
                0x08005628       0x14 ./Drivers/STM32G4xx_HAL_Driver/Src/stm32g4xx_hal_tim_ex.o
                0x08005628                HAL_TIMEx_Break2Callback
 .text.HAL_TIMEx_EncoderIndexCallback
                0x0800563c       0x14 ./Drivers/STM32G4xx_HAL_Driver/Src/stm32g4xx_hal_tim_ex.o
                0x0800563c                HAL_TIMEx_EncoderIndexCallback
 .text.HAL_TIMEx_DirectionChangeCallback
                0x08005650       0x14 ./Drivers/STM32G4xx_HAL_Driver/Src/stm32g4xx_hal_tim_ex.o
                0x08005650                HAL_TIMEx_DirectionChangeCallback
 .text.HAL_TIMEx_IndexErrorCallback
                0x08005664       0x14 ./Drivers/STM32G4xx_HAL_Driver/Src/stm32g4xx_hal_tim_ex.o
                0x08005664                HAL_TIMEx_IndexErrorCallback
 .text.HAL_TIMEx_TransitionErrorCallback
                0x08005678       0x14 ./Drivers/STM32G4xx_HAL_Driver/Src/stm32g4xx_hal_tim_ex.o
                0x08005678                HAL_TIMEx_TransitionErrorCallback
 .text.USB_EnableGlobalInt
                0x0800568c       0x2e ./Drivers/STM32G4xx_HAL_Driver/Src/stm32g4xx_ll_usb.o
                0x0800568c                USB_EnableGlobalInt
 .text.USB_DisableGlobalInt
                0x080056ba       0x36 ./Drivers/STM32G4xx_HAL_Driver/Src/stm32g4xx_ll_usb.o
                0x080056ba                USB_DisableGlobalInt
 .text.USB_DevInit
                0x080056f0       0x3c ./Drivers/STM32G4xx_HAL_Driver/Src/stm32g4xx_ll_usb.o
                0x080056f0                USB_DevInit
 .text.USB_ActivateEndpoint
                0x0800572c      0x788 ./Drivers/STM32G4xx_HAL_Driver/Src/stm32g4xx_ll_usb.o
                0x0800572c                USB_ActivateEndpoint
 .text.USB_DeactivateEndpoint
                0x08005eb4      0x3da ./Drivers/STM32G4xx_HAL_Driver/Src/stm32g4xx_ll_usb.o
                0x08005eb4                USB_DeactivateEndpoint
 .text.USB_EPStartXfer
                0x0800628e     0x1762 ./Drivers/STM32G4xx_HAL_Driver/Src/stm32g4xx_ll_usb.o
                0x0800628e                USB_EPStartXfer
 .text.USB_EPSetStall
                0x080079f0       0xa2 ./Drivers/STM32G4xx_HAL_Driver/Src/stm32g4xx_ll_usb.o
                0x080079f0                USB_EPSetStall
 .text.USB_EPClearStall
                0x08007a92      0x15c ./Drivers/STM32G4xx_HAL_Driver/Src/stm32g4xx_ll_usb.o
                0x08007a92                USB_EPClearStall
 .text.USB_SetDevAddress
                0x08007bee       0x28 ./Drivers/STM32G4xx_HAL_Driver/Src/stm32g4xx_ll_usb.o
                0x08007bee                USB_SetDevAddress
 .text.USB_DevConnect
                0x08007c16       0x2e ./Drivers/STM32G4xx_HAL_Driver/Src/stm32g4xx_ll_usb.o
                0x08007c16                USB_DevConnect
 .text.USB_ReadInterrupts
                0x08007c44       0x20 ./Drivers/STM32G4xx_HAL_Driver/Src/stm32g4xx_ll_usb.o
                0x08007c44                USB_ReadInterrupts
 .text.USB_WritePMA
                0x08007c64       0x84 ./Drivers/STM32G4xx_HAL_Driver/Src/stm32g4xx_ll_usb.o
                0x08007c64                USB_WritePMA
 .text.USB_ReadPMA
                0x08007ce8       0x98 ./Drivers/STM32G4xx_HAL_Driver/Src/stm32g4xx_ll_usb.o
                0x08007ce8                USB_ReadPMA
 .text.USBD_CDC_Init
                0x08007d80       0xfe ./Middlewares/ST/STM32_USB_Device_Library/Class/CDC/Src/usbd_cdc.o
 .text.USBD_CDC_DeInit
                0x08007e7e       0x74 ./Middlewares/ST/STM32_USB_Device_Library/Class/CDC/Src/usbd_cdc.o
 *fill*         0x08007ef2        0x2 
 .text.USBD_CDC_Setup
                0x08007ef4      0x190 ./Middlewares/ST/STM32_USB_Device_Library/Class/CDC/Src/usbd_cdc.o
 .text.USBD_CDC_DataIn
                0x08008084       0xca ./Middlewares/ST/STM32_USB_Device_Library/Class/CDC/Src/usbd_cdc.o
 .text.USBD_CDC_DataOut
                0x0800814e       0x56 ./Middlewares/ST/STM32_USB_Device_Library/Class/CDC/Src/usbd_cdc.o
 .text.USBD_CDC_EP0_RxReady
                0x080081a4       0x58 ./Middlewares/ST/STM32_USB_Device_Library/Class/CDC/Src/usbd_cdc.o
 .text.USBD_CDC_GetFSCfgDesc
                0x080081fc       0x20 ./Middlewares/ST/STM32_USB_Device_Library/Class/CDC/Src/usbd_cdc.o
 .text.USBD_CDC_GetHSCfgDesc
                0x0800821c       0x20 ./Middlewares/ST/STM32_USB_Device_Library/Class/CDC/Src/usbd_cdc.o
 .text.USBD_CDC_GetOtherSpeedCfgDesc
                0x0800823c       0x20 ./Middlewares/ST/STM32_USB_Device_Library/Class/CDC/Src/usbd_cdc.o
 .text.USBD_CDC_GetDeviceQualifierDescriptor
                0x0800825c       0x20 ./Middlewares/ST/STM32_USB_Device_Library/Class/CDC/Src/usbd_cdc.o
                0x0800825c                USBD_CDC_GetDeviceQualifierDescriptor
 .text.USBD_CDC_RegisterInterface
                0x0800827c       0x2a ./Middlewares/ST/STM32_USB_Device_Library/Class/CDC/Src/usbd_cdc.o
                0x0800827c                USBD_CDC_RegisterInterface
 .text.USBD_CDC_SetTxBuffer
                0x080082a6       0x3c ./Middlewares/ST/STM32_USB_Device_Library/Class/CDC/Src/usbd_cdc.o
                0x080082a6                USBD_CDC_SetTxBuffer
 .text.USBD_CDC_SetRxBuffer
                0x080082e2       0x32 ./Middlewares/ST/STM32_USB_Device_Library/Class/CDC/Src/usbd_cdc.o
                0x080082e2                USBD_CDC_SetRxBuffer
 .text.USBD_CDC_TransmitPacket
                0x08008314       0x60 ./Middlewares/ST/STM32_USB_Device_Library/Class/CDC/Src/usbd_cdc.o
                0x08008314                USBD_CDC_TransmitPacket
 .text.USBD_CDC_ReceivePacket
                0x08008374       0x54 ./Middlewares/ST/STM32_USB_Device_Library/Class/CDC/Src/usbd_cdc.o
                0x08008374                USBD_CDC_ReceivePacket
 .text.USBD_Init
                0x080083c8       0x60 ./Middlewares/ST/STM32_USB_Device_Library/Core/Src/usbd_core.o
                0x080083c8                USBD_Init
 .text.USBD_RegisterClass
                0x08008428       0x4e ./Middlewares/ST/STM32_USB_Device_Library/Core/Src/usbd_core.o
                0x08008428                USBD_RegisterClass
 .text.USBD_Start
                0x08008476       0x18 ./Middlewares/ST/STM32_USB_Device_Library/Core/Src/usbd_core.o
                0x08008476                USBD_Start
 .text.USBD_RunTestMode
                0x0800848e       0x16 ./Middlewares/ST/STM32_USB_Device_Library/Core/Src/usbd_core.o
                0x0800848e                USBD_RunTestMode
 .text.USBD_SetClassConfig
                0x080084a4       0x38 ./Middlewares/ST/STM32_USB_Device_Library/Core/Src/usbd_core.o
                0x080084a4                USBD_SetClassConfig
 .text.USBD_ClrClassConfig
                0x080084dc       0x30 ./Middlewares/ST/STM32_USB_Device_Library/Core/Src/usbd_core.o
                0x080084dc                USBD_ClrClassConfig
 .text.USBD_LL_SetupStage
                0x0800850c       0xaa ./Middlewares/ST/STM32_USB_Device_Library/Core/Src/usbd_core.o
                0x0800850c                USBD_LL_SetupStage
 .text.USBD_LL_DataOutStage
                0x080085b6       0xc6 ./Middlewares/ST/STM32_USB_Device_Library/Core/Src/usbd_core.o
                0x080085b6                USBD_LL_DataOutStage
 .text.USBD_LL_DataInStage
                0x0800867c      0x12c ./Middlewares/ST/STM32_USB_Device_Library/Core/Src/usbd_core.o
                0x0800867c                USBD_LL_DataInStage
 .text.USBD_LL_Reset
                0x080087a8       0x9c ./Middlewares/ST/STM32_USB_Device_Library/Core/Src/usbd_core.o
                0x080087a8                USBD_LL_Reset
 .text.USBD_LL_SetSpeed
                0x08008844       0x20 ./Middlewares/ST/STM32_USB_Device_Library/Core/Src/usbd_core.o
                0x08008844                USBD_LL_SetSpeed
 .text.USBD_LL_Suspend
                0x08008864       0x2c ./Middlewares/ST/STM32_USB_Device_Library/Core/Src/usbd_core.o
                0x08008864                USBD_LL_Suspend
 .text.USBD_LL_Resume
                0x08008890       0x30 ./Middlewares/ST/STM32_USB_Device_Library/Core/Src/usbd_core.o
                0x08008890                USBD_LL_Resume
 .text.USBD_LL_SOF
                0x080088c0       0x44 ./Middlewares/ST/STM32_USB_Device_Library/Core/Src/usbd_core.o
                0x080088c0                USBD_LL_SOF
 .text.SWAPBYTE
                0x08008904       0x3c ./Middlewares/ST/STM32_USB_Device_Library/Core/Src/usbd_ctlreq.o
 .text.USBD_StdDevReq
                0x08008940       0xdc ./Middlewares/ST/STM32_USB_Device_Library/Core/Src/usbd_ctlreq.o
                0x08008940                USBD_StdDevReq
 .text.USBD_StdItfReq
                0x08008a1c       0x92 ./Middlewares/ST/STM32_USB_Device_Library/Core/Src/usbd_ctlreq.o
                0x08008a1c                USBD_StdItfReq
 .text.USBD_StdEPReq
                0x08008aae      0x2c4 ./Middlewares/ST/STM32_USB_Device_Library/Core/Src/usbd_ctlreq.o
                0x08008aae                USBD_StdEPReq
 *fill*         0x08008d72        0x2 
 .text.USBD_GetDescriptor
                0x08008d74      0x328 ./Middlewares/ST/STM32_USB_Device_Library/Core/Src/usbd_ctlreq.o
 .text.USBD_SetAddress
                0x0800909c       0x88 ./Middlewares/ST/STM32_USB_Device_Library/Core/Src/usbd_ctlreq.o
 .text.USBD_SetConfig
                0x08009124      0x14c ./Middlewares/ST/STM32_USB_Device_Library/Core/Src/usbd_ctlreq.o
 .text.USBD_GetConfig
                0x08009270       0x6c ./Middlewares/ST/STM32_USB_Device_Library/Core/Src/usbd_ctlreq.o
 .text.USBD_GetStatus
                0x080092dc       0x68 ./Middlewares/ST/STM32_USB_Device_Library/Core/Src/usbd_ctlreq.o
 .text.USBD_SetFeature
                0x08009344       0x28 ./Middlewares/ST/STM32_USB_Device_Library/Core/Src/usbd_ctlreq.o
 .text.USBD_ClrFeature
                0x0800936c       0x44 ./Middlewares/ST/STM32_USB_Device_Library/Core/Src/usbd_ctlreq.o
 .text.USBD_ParseSetupRequest
                0x080093b0       0x74 ./Middlewares/ST/STM32_USB_Device_Library/Core/Src/usbd_ctlreq.o
                0x080093b0                USBD_ParseSetupRequest
 .text.USBD_CtlError
                0x08009424       0x22 ./Middlewares/ST/STM32_USB_Device_Library/Core/Src/usbd_ctlreq.o
                0x08009424                USBD_CtlError
 .text.USBD_GetString
                0x08009446       0x8c ./Middlewares/ST/STM32_USB_Device_Library/Core/Src/usbd_ctlreq.o
                0x08009446                USBD_GetString
 .text.USBD_GetLen
                0x080094d2       0x34 ./Middlewares/ST/STM32_USB_Device_Library/Core/Src/usbd_ctlreq.o
 .text.USBD_CtlSendData
                0x08009506       0x36 ./Middlewares/ST/STM32_USB_Device_Library/Core/Src/usbd_ioreq.o
                0x08009506                USBD_CtlSendData
 .text.USBD_CtlContinueSendData
                0x0800953c       0x22 ./Middlewares/ST/STM32_USB_Device_Library/Core/Src/usbd_ioreq.o
                0x0800953c                USBD_CtlContinueSendData
 .text.USBD_CtlPrepareRx
                0x0800955e       0x3a ./Middlewares/ST/STM32_USB_Device_Library/Core/Src/usbd_ioreq.o
                0x0800955e                USBD_CtlPrepareRx
 .text.USBD_CtlContinueRx
                0x08009598       0x22 ./Middlewares/ST/STM32_USB_Device_Library/Core/Src/usbd_ioreq.o
                0x08009598                USBD_CtlContinueRx
 .text.USBD_CtlSendStatus
                0x080095ba       0x26 ./Middlewares/ST/STM32_USB_Device_Library/Core/Src/usbd_ioreq.o
                0x080095ba                USBD_CtlSendStatus
 .text.USBD_CtlReceiveStatus
                0x080095e0       0x26 ./Middlewares/ST/STM32_USB_Device_Library/Core/Src/usbd_ioreq.o
                0x080095e0                USBD_CtlReceiveStatus
 *fill*         0x08009606        0x2 
 .text.__NVIC_SetPriority
                0x08009608       0x54 ./Middlewares/Third_Party/FreeRTOS/Source/CMSIS_RTOS_V2/cmsis_os2.o
 .text.SysTick_Handler
                0x0800965c       0x20 ./Middlewares/Third_Party/FreeRTOS/Source/CMSIS_RTOS_V2/cmsis_os2.o
                0x0800965c                SysTick_Handler
 .text.SVC_Setup
                0x0800967c       0x12 ./Middlewares/Third_Party/FreeRTOS/Source/CMSIS_RTOS_V2/cmsis_os2.o
 *fill*         0x0800968e        0x2 
 .text.osKernelInitialize
                0x08009690       0x48 ./Middlewares/Third_Party/FreeRTOS/Source/CMSIS_RTOS_V2/cmsis_os2.o
                0x08009690                osKernelInitialize
 .text.osKernelStart
                0x080096d8       0x4c ./Middlewares/Third_Party/FreeRTOS/Source/CMSIS_RTOS_V2/cmsis_os2.o
                0x080096d8                osKernelStart
 .text.osThreadNew
                0x08009724      0x124 ./Middlewares/Third_Party/FreeRTOS/Source/CMSIS_RTOS_V2/cmsis_os2.o
                0x08009724                osThreadNew
 .text.osDelay  0x08009848       0x36 ./Middlewares/Third_Party/FreeRTOS/Source/CMSIS_RTOS_V2/cmsis_os2.o
                0x08009848                osDelay
 .text.osMutexNew
                0x0800987e      0x10c ./Middlewares/Third_Party/FreeRTOS/Source/CMSIS_RTOS_V2/cmsis_os2.o
                0x0800987e                osMutexNew
 .text.osSemaphoreNew
                0x0800998a      0x112 ./Middlewares/Third_Party/FreeRTOS/Source/CMSIS_RTOS_V2/cmsis_os2.o
                0x0800998a                osSemaphoreNew
 .text.osMessageQueueNew
                0x08009a9c       0xe6 ./Middlewares/Third_Party/FreeRTOS/Source/CMSIS_RTOS_V2/cmsis_os2.o
                0x08009a9c                osMessageQueueNew
 *fill*         0x08009b82        0x2 
 .text.osMessageQueuePut
                0x08009b84       0xc0 ./Middlewares/Third_Party/FreeRTOS/Source/CMSIS_RTOS_V2/cmsis_os2.o
                0x08009b84                osMessageQueuePut
 .text.osMessageQueueGet
                0x08009c44       0xbc ./Middlewares/Third_Party/FreeRTOS/Source/CMSIS_RTOS_V2/cmsis_os2.o
                0x08009c44                osMessageQueueGet
 .text.osMessageQueueGetCount
                0x08009d00       0x40 ./Middlewares/Third_Party/FreeRTOS/Source/CMSIS_RTOS_V2/cmsis_os2.o
                0x08009d00                osMessageQueueGetCount
 .text.vApplicationGetIdleTaskMemory
                0x08009d40       0x34 ./Middlewares/Third_Party/FreeRTOS/Source/CMSIS_RTOS_V2/cmsis_os2.o
                0x08009d40                vApplicationGetIdleTaskMemory
 .text.vApplicationGetTimerTaskMemory
                0x08009d74       0x34 ./Middlewares/Third_Party/FreeRTOS/Source/CMSIS_RTOS_V2/cmsis_os2.o
                0x08009d74                vApplicationGetTimerTaskMemory
 .text.vListInitialise
                0x08009da8       0x40 ./Middlewares/Third_Party/FreeRTOS/Source/list.o
                0x08009da8                vListInitialise
 .text.vListInitialiseItem
                0x08009de8       0x1a ./Middlewares/Third_Party/FreeRTOS/Source/list.o
                0x08009de8                vListInitialiseItem
 .text.vListInsertEnd
                0x08009e02       0x48 ./Middlewares/Third_Party/FreeRTOS/Source/list.o
                0x08009e02                vListInsertEnd
 .text.vListInsert
                0x08009e4a       0x72 ./Middlewares/Third_Party/FreeRTOS/Source/list.o
                0x08009e4a                vListInsert
 .text.uxListRemove
                0x08009ebc       0x54 ./Middlewares/Third_Party/FreeRTOS/Source/list.o
                0x08009ebc                uxListRemove
 .text.xQueueGenericReset
                0x08009f10       0xd4 ./Middlewares/Third_Party/FreeRTOS/Source/queue.o
                0x08009f10                xQueueGenericReset
 .text.xQueueGenericCreateStatic
                0x08009fe4       0xfa ./Middlewares/Third_Party/FreeRTOS/Source/queue.o
                0x08009fe4                xQueueGenericCreateStatic
 .text.xQueueGenericCreate
                0x0800a0de       0x76 ./Middlewares/Third_Party/FreeRTOS/Source/queue.o
                0x0800a0de                xQueueGenericCreate
 .text.prvInitialiseNewQueue
                0x0800a154       0x46 ./Middlewares/Third_Party/FreeRTOS/Source/queue.o
 .text.prvInitialiseMutex
                0x0800a19a       0x34 ./Middlewares/Third_Party/FreeRTOS/Source/queue.o
 .text.xQueueCreateMutex
                0x0800a1ce       0x30 ./Middlewares/Third_Party/FreeRTOS/Source/queue.o
                0x0800a1ce                xQueueCreateMutex
 .text.xQueueCreateMutexStatic
                0x0800a1fe       0x36 ./Middlewares/Third_Party/FreeRTOS/Source/queue.o
                0x0800a1fe                xQueueCreateMutexStatic
 .text.xQueueCreateCountingSemaphoreStatic
                0x0800a234       0x72 ./Middlewares/Third_Party/FreeRTOS/Source/queue.o
                0x0800a234                xQueueCreateCountingSemaphoreStatic
 .text.xQueueCreateCountingSemaphore
                0x0800a2a6       0x6a ./Middlewares/Third_Party/FreeRTOS/Source/queue.o
                0x0800a2a6                xQueueCreateCountingSemaphore
 .text.xQueueGenericSend
                0x0800a310      0x204 ./Middlewares/Third_Party/FreeRTOS/Source/queue.o
                0x0800a310                xQueueGenericSend
 .text.xQueueGenericSendFromISR
                0x0800a514      0x13c ./Middlewares/Third_Party/FreeRTOS/Source/queue.o
                0x0800a514                xQueueGenericSendFromISR
 .text.xQueueReceive
                0x0800a650      0x1c4 ./Middlewares/Third_Party/FreeRTOS/Source/queue.o
                0x0800a650                xQueueReceive
 .text.xQueueSemaphoreTake
                0x0800a814      0x220 ./Middlewares/Third_Party/FreeRTOS/Source/queue.o
                0x0800a814                xQueueSemaphoreTake
 .text.xQueueReceiveFromISR
                0x0800aa34      0x104 ./Middlewares/Third_Party/FreeRTOS/Source/queue.o
                0x0800aa34                xQueueReceiveFromISR
 .text.uxQueueMessagesWaiting
                0x0800ab38       0x3e ./Middlewares/Third_Party/FreeRTOS/Source/queue.o
                0x0800ab38                uxQueueMessagesWaiting
 .text.uxQueueMessagesWaitingFromISR
                0x0800ab76       0x3e ./Middlewares/Third_Party/FreeRTOS/Source/queue.o
                0x0800ab76                uxQueueMessagesWaitingFromISR
 .text.vQueueDelete
                0x0800abb4       0x48 ./Middlewares/Third_Party/FreeRTOS/Source/queue.o
                0x0800abb4                vQueueDelete
 .text.prvGetDisinheritPriorityAfterTimeout
                0x0800abfc       0x30 ./Middlewares/Third_Party/FreeRTOS/Source/queue.o
 .text.prvCopyDataToQueue
                0x0800ac2c       0xd4 ./Middlewares/Third_Party/FreeRTOS/Source/queue.o
 .text.prvCopyDataFromQueue
                0x0800ad00       0x4c ./Middlewares/Third_Party/FreeRTOS/Source/queue.o
 .text.prvUnlockQueue
                0x0800ad4c       0xa4 ./Middlewares/Third_Party/FreeRTOS/Source/queue.o
 .text.prvIsQueueEmpty
                0x0800adf0       0x2c ./Middlewares/Third_Party/FreeRTOS/Source/queue.o
 .text.prvIsQueueFull
                0x0800ae1c       0x30 ./Middlewares/Third_Party/FreeRTOS/Source/queue.o
 .text.vQueueAddToRegistry
                0x0800ae4c       0x54 ./Middlewares/Third_Party/FreeRTOS/Source/queue.o
                0x0800ae4c                vQueueAddToRegistry
 .text.vQueueUnregisterQueue
                0x0800aea0       0x54 ./Middlewares/Third_Party/FreeRTOS/Source/queue.o
                0x0800aea0                vQueueUnregisterQueue
 .text.vQueueWaitForMessageRestricted
                0x0800aef4       0x68 ./Middlewares/Third_Party/FreeRTOS/Source/queue.o
                0x0800aef4                vQueueWaitForMessageRestricted
 .text.xTaskCreateStatic
                0x0800af5c       0xc0 ./Middlewares/Third_Party/FreeRTOS/Source/tasks.o
                0x0800af5c                xTaskCreateStatic
 .text.xTaskCreate
                0x0800b01c       0x8a ./Middlewares/Third_Party/FreeRTOS/Source/tasks.o
                0x0800b01c                xTaskCreate
 .text.prvInitialiseNewTask
                0x0800b0a6      0x120 ./Middlewares/Third_Party/FreeRTOS/Source/tasks.o
 *fill*         0x0800b1c6        0x2 
 .text.prvAddNewTaskToReadyList
                0x0800b1c8       0xe0 ./Middlewares/Third_Party/FreeRTOS/Source/tasks.o
 .text.vTaskDelay
                0x0800b2a8       0x6c ./Middlewares/Third_Party/FreeRTOS/Source/tasks.o
                0x0800b2a8                vTaskDelay
 .text.vTaskStartScheduler
                0x0800b314       0xd0 ./Middlewares/Third_Party/FreeRTOS/Source/tasks.o
                0x0800b314                vTaskStartScheduler
 .text.vTaskSuspendAll
                0x0800b3e4       0x1c ./Middlewares/Third_Party/FreeRTOS/Source/tasks.o
                0x0800b3e4                vTaskSuspendAll
 .text.xTaskResumeAll
                0x0800b400      0x13c ./Middlewares/Third_Party/FreeRTOS/Source/tasks.o
                0x0800b400                xTaskResumeAll
 .text.xTaskGetTickCount
                0x0800b53c       0x20 ./Middlewares/Third_Party/FreeRTOS/Source/tasks.o
                0x0800b53c                xTaskGetTickCount
 .text.xTaskIncrementTick
                0x0800b55c      0x174 ./Middlewares/Third_Party/FreeRTOS/Source/tasks.o
                0x0800b55c                xTaskIncrementTick
 .text.vTaskSwitchContext
                0x0800b6d0       0xdc ./Middlewares/Third_Party/FreeRTOS/Source/tasks.o
                0x0800b6d0                vTaskSwitchContext
 .text.vTaskPlaceOnEventList
                0x0800b7ac       0x4c ./Middlewares/Third_Party/FreeRTOS/Source/tasks.o
                0x0800b7ac                vTaskPlaceOnEventList
 .text.vTaskPlaceOnEventListRestricted
                0x0800b7f8       0x58 ./Middlewares/Third_Party/FreeRTOS/Source/tasks.o
                0x0800b7f8                vTaskPlaceOnEventListRestricted
 .text.xTaskRemoveFromEventList
                0x0800b850       0xc8 ./Middlewares/Third_Party/FreeRTOS/Source/tasks.o
                0x0800b850                xTaskRemoveFromEventList
 .text.vTaskInternalSetTimeOutState
                0x0800b918       0x2c ./Middlewares/Third_Party/FreeRTOS/Source/tasks.o
                0x0800b918                vTaskInternalSetTimeOutState
 .text.xTaskCheckForTimeOut
                0x0800b944       0xc8 ./Middlewares/Third_Party/FreeRTOS/Source/tasks.o
                0x0800b944                xTaskCheckForTimeOut
 .text.vTaskMissedYield
                0x0800ba0c       0x18 ./Middlewares/Third_Party/FreeRTOS/Source/tasks.o
                0x0800ba0c                vTaskMissedYield
 .text.prvIdleTask
                0x0800ba24       0x30 ./Middlewares/Third_Party/FreeRTOS/Source/tasks.o
 .text.prvInitialiseTaskLists
                0x0800ba54       0x80 ./Middlewares/Third_Party/FreeRTOS/Source/tasks.o
 .text.prvCheckTasksWaitingTermination
                0x0800bad4       0x5c ./Middlewares/Third_Party/FreeRTOS/Source/tasks.o
 .text.prvDeleteTCB
                0x0800bb30       0x60 ./Middlewares/Third_Party/FreeRTOS/Source/tasks.o
 .text.prvResetNextTaskUnblockTime
                0x0800bb90       0x40 ./Middlewares/Third_Party/FreeRTOS/Source/tasks.o
 .text.xTaskGetSchedulerState
                0x0800bbd0       0x3c ./Middlewares/Third_Party/FreeRTOS/Source/tasks.o
                0x0800bbd0                xTaskGetSchedulerState
 .text.xTaskPriorityInherit
                0x0800bc0c       0xd0 ./Middlewares/Third_Party/FreeRTOS/Source/tasks.o
                0x0800bc0c                xTaskPriorityInherit
 .text.xTaskPriorityDisinherit
                0x0800bcdc       0xe0 ./Middlewares/Third_Party/FreeRTOS/Source/tasks.o
                0x0800bcdc                xTaskPriorityDisinherit
 .text.vTaskPriorityDisinheritAfterTimeout
                0x0800bdbc      0x108 ./Middlewares/Third_Party/FreeRTOS/Source/tasks.o
                0x0800bdbc                vTaskPriorityDisinheritAfterTimeout
 .text.pvTaskIncrementMutexHeldCount
                0x0800bec4       0x28 ./Middlewares/Third_Party/FreeRTOS/Source/tasks.o
                0x0800bec4                pvTaskIncrementMutexHeldCount
 .text.prvAddCurrentTaskToDelayedList
                0x0800beec       0xa8 ./Middlewares/Third_Party/FreeRTOS/Source/tasks.o
 .text.xTimerCreateTimerTask
                0x0800bf94       0x94 ./Middlewares/Third_Party/FreeRTOS/Source/timers.o
                0x0800bf94                xTimerCreateTimerTask
 .text.xTimerGenericCommand
                0x0800c028       0x9c ./Middlewares/Third_Party/FreeRTOS/Source/timers.o
                0x0800c028                xTimerGenericCommand
 .text.prvProcessExpiredTimer
                0x0800c0c4       0x9c ./Middlewares/Third_Party/FreeRTOS/Source/timers.o
 .text.prvTimerTask
                0x0800c160       0x26 ./Middlewares/Third_Party/FreeRTOS/Source/timers.o
 *fill*         0x0800c186        0x2 
 .text.prvProcessTimerOrBlockTask
                0x0800c188       0x9c ./Middlewares/Third_Party/FreeRTOS/Source/timers.o
 .text.prvGetNextExpireTime
                0x0800c224       0x48 ./Middlewares/Third_Party/FreeRTOS/Source/timers.o
 .text.prvSampleTimeNow
                0x0800c26c       0x40 ./Middlewares/Third_Party/FreeRTOS/Source/timers.o
 .text.prvInsertTimerInActiveList
                0x0800c2ac       0x84 ./Middlewares/Third_Party/FreeRTOS/Source/timers.o
 .text.prvProcessReceivedCommands
                0x0800c330      0x1cc ./Middlewares/Third_Party/FreeRTOS/Source/timers.o
 .text.prvSwitchTimerLists
                0x0800c4fc       0xcc ./Middlewares/Third_Party/FreeRTOS/Source/timers.o
 .text.prvCheckForValidListAndQueue
                0x0800c5c8       0x80 ./Middlewares/Third_Party/FreeRTOS/Source/timers.o
 .text.pxPortInitialiseStack
                0x0800c648       0x68 ./Middlewares/Third_Party/FreeRTOS/Source/portable/GCC/ARM_CM4F/port.o
                0x0800c648                pxPortInitialiseStack
 .text.prvTaskExitError
                0x0800c6b0       0x5c ./Middlewares/Third_Party/FreeRTOS/Source/portable/GCC/ARM_CM4F/port.o
 *fill*         0x0800c70c        0x4 
 .text.SVC_Handler
                0x0800c710       0x28 ./Middlewares/Third_Party/FreeRTOS/Source/portable/GCC/ARM_CM4F/port.o
                0x0800c710                SVC_Handler
 .text.prvPortStartFirstTask
                0x0800c738       0x28 ./Middlewares/Third_Party/FreeRTOS/Source/portable/GCC/ARM_CM4F/port.o
 .text.xPortStartScheduler
                0x0800c760      0x148 ./Middlewares/Third_Party/FreeRTOS/Source/portable/GCC/ARM_CM4F/port.o
                0x0800c760                xPortStartScheduler
 .text.vPortEnterCritical
                0x0800c8a8       0x64 ./Middlewares/Third_Party/FreeRTOS/Source/portable/GCC/ARM_CM4F/port.o
                0x0800c8a8                vPortEnterCritical
 .text.vPortExitCritical
                0x0800c90c       0x54 ./Middlewares/Third_Party/FreeRTOS/Source/portable/GCC/ARM_CM4F/port.o
                0x0800c90c                vPortExitCritical
 .text.PendSV_Handler
                0x0800c960       0x68 ./Middlewares/Third_Party/FreeRTOS/Source/portable/GCC/ARM_CM4F/port.o
                0x0800c960                PendSV_Handler
 .text.xPortSysTickHandler
                0x0800c9c8       0x44 ./Middlewares/Third_Party/FreeRTOS/Source/portable/GCC/ARM_CM4F/port.o
                0x0800c9c8                xPortSysTickHandler
 .text.vPortSetupTimerInterrupt
                0x0800ca0c       0x48 ./Middlewares/Third_Party/FreeRTOS/Source/portable/GCC/ARM_CM4F/port.o
                0x0800ca0c                vPortSetupTimerInterrupt
 .text.vPortEnableVFP
                0x0800ca54       0x14 ./Middlewares/Third_Party/FreeRTOS/Source/portable/GCC/ARM_CM4F/port.o
 .text.vPortValidateInterruptPriority
                0x0800ca68       0x84 ./Middlewares/Third_Party/FreeRTOS/Source/portable/GCC/ARM_CM4F/port.o
                0x0800ca68                vPortValidateInterruptPriority
 .text.pvPortMalloc
                0x0800caec      0x1a8 ./Middlewares/Third_Party/FreeRTOS/Source/portable/MemMang/heap_4.o
                0x0800caec                pvPortMalloc
 .text.vPortFree
                0x0800cc94       0xc8 ./Middlewares/Third_Party/FreeRTOS/Source/portable/MemMang/heap_4.o
                0x0800cc94                vPortFree
 .text.prvHeapInit
                0x0800cd5c       0xc4 ./Middlewares/Third_Party/FreeRTOS/Source/portable/MemMang/heap_4.o
 .text.prvInsertBlockIntoFreeList
                0x0800ce20       0xb4 ./Middlewares/Third_Party/FreeRTOS/Source/portable/MemMang/heap_4.o
 .text.MX_USB_Device_Init
                0x0800ced4       0x60 ./USB_Device/App/usb_device.o
                0x0800ced4                MX_USB_Device_Init
 .text.CDC_Init_FS
                0x0800cf34       0x28 ./USB_Device/App/usbd_cdc_if.o
 .text.CDC_DeInit_FS
                0x0800cf5c       0x10 ./USB_Device/App/usbd_cdc_if.o
 .text.CDC_Control_FS
                0x0800cf6c       0xbc ./USB_Device/App/usbd_cdc_if.o
 .text.CDC_Receive_FS
                0x0800d028       0x5c ./USB_Device/App/usbd_cdc_if.o
 .text.CDC_Transmit_FS
                0x0800d084       0x4c ./USB_Device/App/usbd_cdc_if.o
                0x0800d084                CDC_Transmit_FS
 .text.CDC_TransmitCplt_FS
                0x0800d0d0       0x22 ./USB_Device/App/usbd_cdc_if.o
 *fill*         0x0800d0f2        0x2 
 .text.USBD_CDC_DeviceDescriptor
                0x0800d0f4       0x24 ./USB_Device/App/usbd_desc.o
                0x0800d0f4                USBD_CDC_DeviceDescriptor
 .text.USBD_CDC_LangIDStrDescriptor
                0x0800d118       0x24 ./USB_Device/App/usbd_desc.o
                0x0800d118                USBD_CDC_LangIDStrDescriptor
 .text.USBD_CDC_ProductStrDescriptor
                0x0800d13c       0x3c ./USB_Device/App/usbd_desc.o
                0x0800d13c                USBD_CDC_ProductStrDescriptor
 .text.USBD_CDC_ManufacturerStrDescriptor
                0x0800d178       0x28 ./USB_Device/App/usbd_desc.o
                0x0800d178                USBD_CDC_ManufacturerStrDescriptor
 .text.USBD_CDC_SerialStrDescriptor
                0x0800d1a0       0x24 ./USB_Device/App/usbd_desc.o
                0x0800d1a0                USBD_CDC_SerialStrDescriptor
 .text.USBD_CDC_ConfigStrDescriptor
                0x0800d1c4       0x3c ./USB_Device/App/usbd_desc.o
                0x0800d1c4                USBD_CDC_ConfigStrDescriptor
 .text.USBD_CDC_InterfaceStrDescriptor
                0x0800d200       0x3c ./USB_Device/App/usbd_desc.o
                0x0800d200                USBD_CDC_InterfaceStrDescriptor
 .text.Get_SerialNum
                0x0800d23c       0x58 ./USB_Device/App/usbd_desc.o
 .text.IntToUnicode
                0x0800d294       0x7e ./USB_Device/App/usbd_desc.o
 *fill*         0x0800d312        0x2 
 .text.HAL_PCD_MspInit
                0x0800d314       0x88 ./USB_Device/Target/usbd_conf.o
                0x0800d314                HAL_PCD_MspInit
 .text.HAL_PCD_SetupStageCallback
                0x0800d39c       0x24 ./USB_Device/Target/usbd_conf.o
                0x0800d39c                HAL_PCD_SetupStageCallback
 .text.HAL_PCD_DataOutStageCallback
                0x0800d3c0       0x36 ./USB_Device/Target/usbd_conf.o
                0x0800d3c0                HAL_PCD_DataOutStageCallback
 .text.HAL_PCD_DataInStageCallback
                0x0800d3f6       0x34 ./USB_Device/Target/usbd_conf.o
                0x0800d3f6                HAL_PCD_DataInStageCallback
 .text.HAL_PCD_SOFCallback
                0x0800d42a       0x1c ./USB_Device/Target/usbd_conf.o
                0x0800d42a                HAL_PCD_SOFCallback
 .text.HAL_PCD_ResetCallback
                0x0800d446       0x3c ./USB_Device/Target/usbd_conf.o
                0x0800d446                HAL_PCD_ResetCallback
 *fill*         0x0800d482        0x2 
 .text.HAL_PCD_SuspendCallback
                0x0800d484       0x34 ./USB_Device/Target/usbd_conf.o
                0x0800d484                HAL_PCD_SuspendCallback
 .text.HAL_PCD_ResumeCallback
                0x0800d4b8       0x38 ./USB_Device/Target/usbd_conf.o
                0x0800d4b8                HAL_PCD_ResumeCallback
 .text.USBD_LL_Init
                0x0800d4f0       0xc0 ./USB_Device/Target/usbd_conf.o
                0x0800d4f0                USBD_LL_Init
 .text.USBD_LL_Start
                0x0800d5b0       0x36 ./USB_Device/Target/usbd_conf.o
                0x0800d5b0                USBD_LL_Start
 .text.USBD_LL_OpenEP
                0x0800d5e6       0x4c ./USB_Device/Target/usbd_conf.o
                0x0800d5e6                USBD_LL_OpenEP
 .text.USBD_LL_CloseEP
                0x0800d632       0x3e ./USB_Device/Target/usbd_conf.o
                0x0800d632                USBD_LL_CloseEP
 .text.USBD_LL_StallEP
                0x0800d670       0x3e ./USB_Device/Target/usbd_conf.o
                0x0800d670                USBD_LL_StallEP
 .text.USBD_LL_ClearStallEP
                0x0800d6ae       0x3e ./USB_Device/Target/usbd_conf.o
                0x0800d6ae                USBD_LL_ClearStallEP
 .text.USBD_LL_IsStallEP
                0x0800d6ec       0x58 ./USB_Device/Target/usbd_conf.o
                0x0800d6ec                USBD_LL_IsStallEP
 .text.USBD_LL_SetUSBAddress
                0x0800d744       0x3e ./USB_Device/Target/usbd_conf.o
                0x0800d744                USBD_LL_SetUSBAddress
 .text.USBD_LL_Transmit
                0x0800d782       0x42 ./USB_Device/Target/usbd_conf.o
                0x0800d782                USBD_LL_Transmit
 .text.USBD_LL_PrepareReceive
                0x0800d7c4       0x42 ./USB_Device/Target/usbd_conf.o
                0x0800d7c4                USBD_LL_PrepareReceive
 .text.USBD_LL_GetRxDataSize
                0x0800d806       0x26 ./USB_Device/Target/usbd_conf.o
                0x0800d806                USBD_LL_GetRxDataSize
 .text.HAL_PCDEx_LPM_Callback
                0x0800d82c       0x6c ./USB_Device/Target/usbd_conf.o
                0x0800d82c                HAL_PCDEx_LPM_Callback
 .text.USBD_static_malloc
                0x0800d898       0x1c ./USB_Device/Target/usbd_conf.o
                0x0800d898                USBD_static_malloc
 .text.USBD_static_free
                0x0800d8b4       0x14 ./USB_Device/Target/usbd_conf.o
                0x0800d8b4                USBD_static_free
 .text.SystemClockConfig_Resume
                0x0800d8c8        0xc ./USB_Device/Target/usbd_conf.o
 .text.USBD_Get_USB_Status
                0x0800d8d4       0x58 ./USB_Device/Target/usbd_conf.o
 .text.atoi     0x0800d92c        0x8 C:/ST/STM32CubeIDE_1.15.0/STM32CubeIDE/plugins/com.st.stm32cube.ide.mcu.externaltools.gnu-tools-for-stm32.12.3.rel1.win32_1.0.100.202403111256/tools/bin/../lib/gcc/arm-none-eabi/12.3.1/../../../../arm-none-eabi/lib/thumb/v7e-m+fp/hard\libc_nano.a(libc_a-atoi.o)
                0x0800d92c                atoi
 .text._strtol_l.constprop.0
                0x0800d934       0xf4 C:/ST/STM32CubeIDE_1.15.0/STM32CubeIDE/plugins/com.st.stm32cube.ide.mcu.externaltools.gnu-tools-for-stm32.12.3.rel1.win32_1.0.100.202403111256/tools/bin/../lib/gcc/arm-none-eabi/12.3.1/../../../../arm-none-eabi/lib/thumb/v7e-m+fp/hard\libc_nano.a(libc_a-strtol.o)
 .text.strtol   0x0800da28       0x14 C:/ST/STM32CubeIDE_1.15.0/STM32CubeIDE/plugins/com.st.stm32cube.ide.mcu.externaltools.gnu-tools-for-stm32.12.3.rel1.win32_1.0.100.202403111256/tools/bin/../lib/gcc/arm-none-eabi/12.3.1/../../../../arm-none-eabi/lib/thumb/v7e-m+fp/hard\libc_nano.a(libc_a-strtol.o)
                0x0800da28                strtol
 .text.std      0x0800da3c       0x6c C:/ST/STM32CubeIDE_1.15.0/STM32CubeIDE/plugins/com.st.stm32cube.ide.mcu.externaltools.gnu-tools-for-stm32.12.3.rel1.win32_1.0.100.202403111256/tools/bin/../lib/gcc/arm-none-eabi/12.3.1/../../../../arm-none-eabi/lib/thumb/v7e-m+fp/hard\libc_nano.a(libc_a-findfp.o)
 .text.stdio_exit_handler
                0x0800daa8       0x18 C:/ST/STM32CubeIDE_1.15.0/STM32CubeIDE/plugins/com.st.stm32cube.ide.mcu.externaltools.gnu-tools-for-stm32.12.3.rel1.win32_1.0.100.202403111256/tools/bin/../lib/gcc/arm-none-eabi/12.3.1/../../../../arm-none-eabi/lib/thumb/v7e-m+fp/hard\libc_nano.a(libc_a-findfp.o)
 .text.cleanup_stdio
                0x0800dac0       0x40 C:/ST/STM32CubeIDE_1.15.0/STM32CubeIDE/plugins/com.st.stm32cube.ide.mcu.externaltools.gnu-tools-for-stm32.12.3.rel1.win32_1.0.100.202403111256/tools/bin/../lib/gcc/arm-none-eabi/12.3.1/../../../../arm-none-eabi/lib/thumb/v7e-m+fp/hard\libc_nano.a(libc_a-findfp.o)
 .text.global_stdio_init.part.0
                0x0800db00       0x3c C:/ST/STM32CubeIDE_1.15.0/STM32CubeIDE/plugins/com.st.stm32cube.ide.mcu.externaltools.gnu-tools-for-stm32.12.3.rel1.win32_1.0.100.202403111256/tools/bin/../lib/gcc/arm-none-eabi/12.3.1/../../../../arm-none-eabi/lib/thumb/v7e-m+fp/hard\libc_nano.a(libc_a-findfp.o)
 .text.__sfp_lock_acquire
                0x0800db3c        0xc C:/ST/STM32CubeIDE_1.15.0/STM32CubeIDE/plugins/com.st.stm32cube.ide.mcu.externaltools.gnu-tools-for-stm32.12.3.rel1.win32_1.0.100.202403111256/tools/bin/../lib/gcc/arm-none-eabi/12.3.1/../../../../arm-none-eabi/lib/thumb/v7e-m+fp/hard\libc_nano.a(libc_a-findfp.o)
                0x0800db3c                __sfp_lock_acquire
 .text.__sfp_lock_release
                0x0800db48        0xc C:/ST/STM32CubeIDE_1.15.0/STM32CubeIDE/plugins/com.st.stm32cube.ide.mcu.externaltools.gnu-tools-for-stm32.12.3.rel1.win32_1.0.100.202403111256/tools/bin/../lib/gcc/arm-none-eabi/12.3.1/../../../../arm-none-eabi/lib/thumb/v7e-m+fp/hard\libc_nano.a(libc_a-findfp.o)
                0x0800db48                __sfp_lock_release
 .text.__sinit  0x0800db54       0x30 C:/ST/STM32CubeIDE_1.15.0/STM32CubeIDE/plugins/com.st.stm32cube.ide.mcu.externaltools.gnu-tools-for-stm32.12.3.rel1.win32_1.0.100.202403111256/tools/bin/../lib/gcc/arm-none-eabi/12.3.1/../../../../arm-none-eabi/lib/thumb/v7e-m+fp/hard\libc_nano.a(libc_a-findfp.o)
                0x0800db54                __sinit
 .text._fwalk_sglue
                0x0800db84       0x3c C:/ST/STM32CubeIDE_1.15.0/STM32CubeIDE/plugins/com.st.stm32cube.ide.mcu.externaltools.gnu-tools-for-stm32.12.3.rel1.win32_1.0.100.202403111256/tools/bin/../lib/gcc/arm-none-eabi/12.3.1/../../../../arm-none-eabi/lib/thumb/v7e-m+fp/hard\libc_nano.a(libc_a-fwalk.o)
                0x0800db84                _fwalk_sglue
 .text._puts_r  0x0800dbc0       0xaa C:/ST/STM32CubeIDE_1.15.0/STM32CubeIDE/plugins/com.st.stm32cube.ide.mcu.externaltools.gnu-tools-for-stm32.12.3.rel1.win32_1.0.100.202403111256/tools/bin/../lib/gcc/arm-none-eabi/12.3.1/../../../../arm-none-eabi/lib/thumb/v7e-m+fp/hard\libc_nano.a(libc_a-puts.o)
                0x0800dbc0                _puts_r
 *fill*         0x0800dc6a        0x2 
 .text.puts     0x0800dc6c       0x10 C:/ST/STM32CubeIDE_1.15.0/STM32CubeIDE/plugins/com.st.stm32cube.ide.mcu.externaltools.gnu-tools-for-stm32.12.3.rel1.win32_1.0.100.202403111256/tools/bin/../lib/gcc/arm-none-eabi/12.3.1/../../../../arm-none-eabi/lib/thumb/v7e-m+fp/hard\libc_nano.a(libc_a-puts.o)
                0x0800dc6c                puts
 .text.snprintf
                0x0800dc7c       0x68 C:/ST/STM32CubeIDE_1.15.0/STM32CubeIDE/plugins/com.st.stm32cube.ide.mcu.externaltools.gnu-tools-for-stm32.12.3.rel1.win32_1.0.100.202403111256/tools/bin/../lib/gcc/arm-none-eabi/12.3.1/../../../../arm-none-eabi/lib/thumb/v7e-m+fp/hard\libc_nano.a(libc_a-snprintf.o)
                0x0800dc7c                sniprintf
                0x0800dc7c                snprintf
 .text.__sread  0x0800dce4       0x22 C:/ST/STM32CubeIDE_1.15.0/STM32CubeIDE/plugins/com.st.stm32cube.ide.mcu.externaltools.gnu-tools-for-stm32.12.3.rel1.win32_1.0.100.202403111256/tools/bin/../lib/gcc/arm-none-eabi/12.3.1/../../../../arm-none-eabi/lib/thumb/v7e-m+fp/hard\libc_nano.a(libc_a-stdio.o)
                0x0800dce4                __sread
 .text.__swrite
                0x0800dd06       0x38 C:/ST/STM32CubeIDE_1.15.0/STM32CubeIDE/plugins/com.st.stm32cube.ide.mcu.externaltools.gnu-tools-for-stm32.12.3.rel1.win32_1.0.100.202403111256/tools/bin/../lib/gcc/arm-none-eabi/12.3.1/../../../../arm-none-eabi/lib/thumb/v7e-m+fp/hard\libc_nano.a(libc_a-stdio.o)
                0x0800dd06                __swrite
 .text.__sseek  0x0800dd3e       0x24 C:/ST/STM32CubeIDE_1.15.0/STM32CubeIDE/plugins/com.st.stm32cube.ide.mcu.externaltools.gnu-tools-for-stm32.12.3.rel1.win32_1.0.100.202403111256/tools/bin/../lib/gcc/arm-none-eabi/12.3.1/../../../../arm-none-eabi/lib/thumb/v7e-m+fp/hard\libc_nano.a(libc_a-stdio.o)
                0x0800dd3e                __sseek
 .text.__sclose
                0x0800dd62        0x8 C:/ST/STM32CubeIDE_1.15.0/STM32CubeIDE/plugins/com.st.stm32cube.ide.mcu.externaltools.gnu-tools-for-stm32.12.3.rel1.win32_1.0.100.202403111256/tools/bin/../lib/gcc/arm-none-eabi/12.3.1/../../../../arm-none-eabi/lib/thumb/v7e-m+fp/hard\libc_nano.a(libc_a-stdio.o)
                0x0800dd62                __sclose
 .text.__swbuf_r
                0x0800dd6a       0x7c C:/ST/STM32CubeIDE_1.15.0/STM32CubeIDE/plugins/com.st.stm32cube.ide.mcu.externaltools.gnu-tools-for-stm32.12.3.rel1.win32_1.0.100.202403111256/tools/bin/../lib/gcc/arm-none-eabi/12.3.1/../../../../arm-none-eabi/lib/thumb/v7e-m+fp/hard\libc_nano.a(libc_a-wbuf.o)
                0x0800dd6a                __swbuf_r
 *fill*         0x0800dde6        0x2 
 .text.__swsetup_r
                0x0800dde8       0xac C:/ST/STM32CubeIDE_1.15.0/STM32CubeIDE/plugins/com.st.stm32cube.ide.mcu.externaltools.gnu-tools-for-stm32.12.3.rel1.win32_1.0.100.202403111256/tools/bin/../lib/gcc/arm-none-eabi/12.3.1/../../../../arm-none-eabi/lib/thumb/v7e-m+fp/hard\libc_nano.a(libc_a-wsetup.o)
                0x0800dde8                __swsetup_r
 .text.memset   0x0800de94       0x10 C:/ST/STM32CubeIDE_1.15.0/STM32CubeIDE/plugins/com.st.stm32cube.ide.mcu.externaltools.gnu-tools-for-stm32.12.3.rel1.win32_1.0.100.202403111256/tools/bin/../lib/gcc/arm-none-eabi/12.3.1/../../../../arm-none-eabi/lib/thumb/v7e-m+fp/hard\libc_nano.a(libc_a-memset.o)
                0x0800de94                memset
 .text.strtok   0x0800dea4       0x68 C:/ST/STM32CubeIDE_1.15.0/STM32CubeIDE/plugins/com.st.stm32cube.ide.mcu.externaltools.gnu-tools-for-stm32.12.3.rel1.win32_1.0.100.202403111256/tools/bin/../lib/gcc/arm-none-eabi/12.3.1/../../../../arm-none-eabi/lib/thumb/v7e-m+fp/hard\libc_nano.a(libc_a-strtok.o)
                0x0800dea4                strtok
 .text.__strtok_r
                0x0800df0c       0x50 C:/ST/STM32CubeIDE_1.15.0/STM32CubeIDE/plugins/com.st.stm32cube.ide.mcu.externaltools.gnu-tools-for-stm32.12.3.rel1.win32_1.0.100.202403111256/tools/bin/../lib/gcc/arm-none-eabi/12.3.1/../../../../arm-none-eabi/lib/thumb/v7e-m+fp/hard\libc_nano.a(libc_a-strtok_r.o)
                0x0800df0c                __strtok_r
 .text._close_r
                0x0800df5c       0x20 C:/ST/STM32CubeIDE_1.15.0/STM32CubeIDE/plugins/com.st.stm32cube.ide.mcu.externaltools.gnu-tools-for-stm32.12.3.rel1.win32_1.0.100.202403111256/tools/bin/../lib/gcc/arm-none-eabi/12.3.1/../../../../arm-none-eabi/lib/thumb/v7e-m+fp/hard\libc_nano.a(libc_a-closer.o)
                0x0800df5c                _close_r
 .text._lseek_r
                0x0800df7c       0x24 C:/ST/STM32CubeIDE_1.15.0/STM32CubeIDE/plugins/com.st.stm32cube.ide.mcu.externaltools.gnu-tools-for-stm32.12.3.rel1.win32_1.0.100.202403111256/tools/bin/../lib/gcc/arm-none-eabi/12.3.1/../../../../arm-none-eabi/lib/thumb/v7e-m+fp/hard\libc_nano.a(libc_a-lseekr.o)
                0x0800df7c                _lseek_r
 .text._read_r  0x0800dfa0       0x24 C:/ST/STM32CubeIDE_1.15.0/STM32CubeIDE/plugins/com.st.stm32cube.ide.mcu.externaltools.gnu-tools-for-stm32.12.3.rel1.win32_1.0.100.202403111256/tools/bin/../lib/gcc/arm-none-eabi/12.3.1/../../../../arm-none-eabi/lib/thumb/v7e-m+fp/hard\libc_nano.a(libc_a-readr.o)
                0x0800dfa0                _read_r
 .text._write_r
                0x0800dfc4       0x24 C:/ST/STM32CubeIDE_1.15.0/STM32CubeIDE/plugins/com.st.stm32cube.ide.mcu.externaltools.gnu-tools-for-stm32.12.3.rel1.win32_1.0.100.202403111256/tools/bin/../lib/gcc/arm-none-eabi/12.3.1/../../../../arm-none-eabi/lib/thumb/v7e-m+fp/hard\libc_nano.a(libc_a-writer.o)
                0x0800dfc4                _write_r
 .text.__errno  0x0800dfe8        0xc C:/ST/STM32CubeIDE_1.15.0/STM32CubeIDE/plugins/com.st.stm32cube.ide.mcu.externaltools.gnu-tools-for-stm32.12.3.rel1.win32_1.0.100.202403111256/tools/bin/../lib/gcc/arm-none-eabi/12.3.1/../../../../arm-none-eabi/lib/thumb/v7e-m+fp/hard\libc_nano.a(libc_a-errno.o)
                0x0800dfe8                __errno
 .text.__libc_init_array
                0x0800dff4       0x48 C:/ST/STM32CubeIDE_1.15.0/STM32CubeIDE/plugins/com.st.stm32cube.ide.mcu.externaltools.gnu-tools-for-stm32.12.3.rel1.win32_1.0.100.202403111256/tools/bin/../lib/gcc/arm-none-eabi/12.3.1/../../../../arm-none-eabi/lib/thumb/v7e-m+fp/hard\libc_nano.a(libc_a-init.o)
                0x0800dff4                __libc_init_array
 .text.__retarget_lock_init_recursive
                0x0800e03c        0x2 C:/ST/STM32CubeIDE_1.15.0/STM32CubeIDE/plugins/com.st.stm32cube.ide.mcu.externaltools.gnu-tools-for-stm32.12.3.rel1.win32_1.0.100.202403111256/tools/bin/../lib/gcc/arm-none-eabi/12.3.1/../../../../arm-none-eabi/lib/thumb/v7e-m+fp/hard\libc_nano.a(libc_a-lock.o)
                0x0800e03c                __retarget_lock_init_recursive
 .text.__retarget_lock_acquire_recursive
                0x0800e03e        0x2 C:/ST/STM32CubeIDE_1.15.0/STM32CubeIDE/plugins/com.st.stm32cube.ide.mcu.externaltools.gnu-tools-for-stm32.12.3.rel1.win32_1.0.100.202403111256/tools/bin/../lib/gcc/arm-none-eabi/12.3.1/../../../../arm-none-eabi/lib/thumb/v7e-m+fp/hard\libc_nano.a(libc_a-lock.o)
                0x0800e03e                __retarget_lock_acquire_recursive
 .text.__retarget_lock_release_recursive
                0x0800e040        0x2 C:/ST/STM32CubeIDE_1.15.0/STM32CubeIDE/plugins/com.st.stm32cube.ide.mcu.externaltools.gnu-tools-for-stm32.12.3.rel1.win32_1.0.100.202403111256/tools/bin/../lib/gcc/arm-none-eabi/12.3.1/../../../../arm-none-eabi/lib/thumb/v7e-m+fp/hard\libc_nano.a(libc_a-lock.o)
                0x0800e040                __retarget_lock_release_recursive
 .text.memcpy   0x0800e042       0x1c C:/ST/STM32CubeIDE_1.15.0/STM32CubeIDE/plugins/com.st.stm32cube.ide.mcu.externaltools.gnu-tools-for-stm32.12.3.rel1.win32_1.0.100.202403111256/tools/bin/../lib/gcc/arm-none-eabi/12.3.1/../../../../arm-none-eabi/lib/thumb/v7e-m+fp/hard\libc_nano.a(libc_a-memcpy-stub.o)
                0x0800e042                memcpy
 *fill*         0x0800e05e        0x2 
 .text.__assert_func
                0x0800e060       0x3c C:/ST/STM32CubeIDE_1.15.0/STM32CubeIDE/plugins/com.st.stm32cube.ide.mcu.externaltools.gnu-tools-for-stm32.12.3.rel1.win32_1.0.100.202403111256/tools/bin/../lib/gcc/arm-none-eabi/12.3.1/../../../../arm-none-eabi/lib/thumb/v7e-m+fp/hard\libc_nano.a(libc_a-assert.o)
                0x0800e060                __assert_func
 .text._free_r  0x0800e09c       0x94 C:/ST/STM32CubeIDE_1.15.0/STM32CubeIDE/plugins/com.st.stm32cube.ide.mcu.externaltools.gnu-tools-for-stm32.12.3.rel1.win32_1.0.100.202403111256/tools/bin/../lib/gcc/arm-none-eabi/12.3.1/../../../../arm-none-eabi/lib/thumb/v7e-m+fp/hard\libc_nano.a(libc_a-freer.o)
                0x0800e09c                _free_r
 .text.malloc   0x0800e130       0x10 C:/ST/STM32CubeIDE_1.15.0/STM32CubeIDE/plugins/com.st.stm32cube.ide.mcu.externaltools.gnu-tools-for-stm32.12.3.rel1.win32_1.0.100.202403111256/tools/bin/../lib/gcc/arm-none-eabi/12.3.1/../../../../arm-none-eabi/lib/thumb/v7e-m+fp/hard\libc_nano.a(libc_a-malloc.o)
                0x0800e130                malloc
 .text.sbrk_aligned
                0x0800e140       0x44 C:/ST/STM32CubeIDE_1.15.0/STM32CubeIDE/plugins/com.st.stm32cube.ide.mcu.externaltools.gnu-tools-for-stm32.12.3.rel1.win32_1.0.100.202403111256/tools/bin/../lib/gcc/arm-none-eabi/12.3.1/../../../../arm-none-eabi/lib/thumb/v7e-m+fp/hard\libc_nano.a(libc_a-mallocr.o)
 .text._malloc_r
                0x0800e184      0x100 C:/ST/STM32CubeIDE_1.15.0/STM32CubeIDE/plugins/com.st.stm32cube.ide.mcu.externaltools.gnu-tools-for-stm32.12.3.rel1.win32_1.0.100.202403111256/tools/bin/../lib/gcc/arm-none-eabi/12.3.1/../../../../arm-none-eabi/lib/thumb/v7e-m+fp/hard\libc_nano.a(libc_a-mallocr.o)
                0x0800e184                _malloc_r
 .text.__malloc_lock
                0x0800e284        0xc C:/ST/STM32CubeIDE_1.15.0/STM32CubeIDE/plugins/com.st.stm32cube.ide.mcu.externaltools.gnu-tools-for-stm32.12.3.rel1.win32_1.0.100.202403111256/tools/bin/../lib/gcc/arm-none-eabi/12.3.1/../../../../arm-none-eabi/lib/thumb/v7e-m+fp/hard\libc_nano.a(libc_a-mlock.o)
                0x0800e284                __malloc_lock
 .text.__malloc_unlock
                0x0800e290        0xc C:/ST/STM32CubeIDE_1.15.0/STM32CubeIDE/plugins/com.st.stm32cube.ide.mcu.externaltools.gnu-tools-for-stm32.12.3.rel1.win32_1.0.100.202403111256/tools/bin/../lib/gcc/arm-none-eabi/12.3.1/../../../../arm-none-eabi/lib/thumb/v7e-m+fp/hard\libc_nano.a(libc_a-mlock.o)
                0x0800e290                __malloc_unlock
 .text.__ssputs_r
                0x0800e29c       0xb6 C:/ST/STM32CubeIDE_1.15.0/STM32CubeIDE/plugins/com.st.stm32cube.ide.mcu.externaltools.gnu-tools-for-stm32.12.3.rel1.win32_1.0.100.202403111256/tools/bin/../lib/gcc/arm-none-eabi/12.3.1/../../../../arm-none-eabi/lib/thumb/v7e-m+fp/hard\libc_nano.a(libc_a-nano-svfprintf.o)
                0x0800e29c                __ssputs_r
 *fill*         0x0800e352        0x2 
 .text._svfprintf_r
                0x0800e354      0x1f8 C:/ST/STM32CubeIDE_1.15.0/STM32CubeIDE/plugins/com.st.stm32cube.ide.mcu.externaltools.gnu-tools-for-stm32.12.3.rel1.win32_1.0.100.202403111256/tools/bin/../lib/gcc/arm-none-eabi/12.3.1/../../../../arm-none-eabi/lib/thumb/v7e-m+fp/hard\libc_nano.a(libc_a-nano-svfprintf.o)
                0x0800e354                _svfiprintf_r
                0x0800e354                _svfprintf_r
 .text._printf_common
                0x0800e54c       0xda C:/ST/STM32CubeIDE_1.15.0/STM32CubeIDE/plugins/com.st.stm32cube.ide.mcu.externaltools.gnu-tools-for-stm32.12.3.rel1.win32_1.0.100.202403111256/tools/bin/../lib/gcc/arm-none-eabi/12.3.1/../../../../arm-none-eabi/lib/thumb/v7e-m+fp/hard\libc_nano.a(libc_a-nano-vfprintf_i.o)
                0x0800e54c                _printf_common
 *fill*         0x0800e626        0x2 
 .text._printf_i
                0x0800e628      0x240 C:/ST/STM32CubeIDE_1.15.0/STM32CubeIDE/plugins/com.st.stm32cube.ide.mcu.externaltools.gnu-tools-for-stm32.12.3.rel1.win32_1.0.100.202403111256/tools/bin/../lib/gcc/arm-none-eabi/12.3.1/../../../../arm-none-eabi/lib/thumb/v7e-m+fp/hard\libc_nano.a(libc_a-nano-vfprintf_i.o)
                0x0800e628                _printf_i
 .text.__sflush_r
                0x0800e868      0x108 C:/ST/STM32CubeIDE_1.15.0/STM32CubeIDE/plugins/com.st.stm32cube.ide.mcu.externaltools.gnu-tools-for-stm32.12.3.rel1.win32_1.0.100.202403111256/tools/bin/../lib/gcc/arm-none-eabi/12.3.1/../../../../arm-none-eabi/lib/thumb/v7e-m+fp/hard\libc_nano.a(libc_a-fflush.o)
                0x0800e868                __sflush_r
 .text._fflush_r
                0x0800e970       0x50 C:/ST/STM32CubeIDE_1.15.0/STM32CubeIDE/plugins/com.st.stm32cube.ide.mcu.externaltools.gnu-tools-for-stm32.12.3.rel1.win32_1.0.100.202403111256/tools/bin/../lib/gcc/arm-none-eabi/12.3.1/../../../../arm-none-eabi/lib/thumb/v7e-m+fp/hard\libc_nano.a(libc_a-fflush.o)
                0x0800e970                _fflush_r
 .text.fprintf  0x0800e9c0       0x24 C:/ST/STM32CubeIDE_1.15.0/STM32CubeIDE/plugins/com.st.stm32cube.ide.mcu.externaltools.gnu-tools-for-stm32.12.3.rel1.win32_1.0.100.202403111256/tools/bin/../lib/gcc/arm-none-eabi/12.3.1/../../../../arm-none-eabi/lib/thumb/v7e-m+fp/hard\libc_nano.a(libc_a-fprintf.o)
                0x0800e9c0                fiprintf
                0x0800e9c0                fprintf
 .text.__swhatbuf_r
                0x0800e9e4       0x4c C:/ST/STM32CubeIDE_1.15.0/STM32CubeIDE/plugins/com.st.stm32cube.ide.mcu.externaltools.gnu-tools-for-stm32.12.3.rel1.win32_1.0.100.202403111256/tools/bin/../lib/gcc/arm-none-eabi/12.3.1/../../../../arm-none-eabi/lib/thumb/v7e-m+fp/hard\libc_nano.a(libc_a-makebuf.o)
                0x0800e9e4                __swhatbuf_r
 .text.__smakebuf_r
                0x0800ea30       0x78 C:/ST/STM32CubeIDE_1.15.0/STM32CubeIDE/plugins/com.st.stm32cube.ide.mcu.externaltools.gnu-tools-for-stm32.12.3.rel1.win32_1.0.100.202403111256/tools/bin/../lib/gcc/arm-none-eabi/12.3.1/../../../../arm-none-eabi/lib/thumb/v7e-m+fp/hard\libc_nano.a(libc_a-makebuf.o)
                0x0800ea30                __smakebuf_r
 .text.memmove  0x0800eaa8       0x34 C:/ST/STM32CubeIDE_1.15.0/STM32CubeIDE/plugins/com.st.stm32cube.ide.mcu.externaltools.gnu-tools-for-stm32.12.3.rel1.win32_1.0.100.202403111256/tools/bin/../lib/gcc/arm-none-eabi/12.3.1/../../../../arm-none-eabi/lib/thumb/v7e-m+fp/hard\libc_nano.a(libc_a-memmove.o)
                0x0800eaa8                memmove
 .text._fstat_r
                0x0800eadc       0x24 C:/ST/STM32CubeIDE_1.15.0/STM32CubeIDE/plugins/com.st.stm32cube.ide.mcu.externaltools.gnu-tools-for-stm32.12.3.rel1.win32_1.0.100.202403111256/tools/bin/../lib/gcc/arm-none-eabi/12.3.1/../../../../arm-none-eabi/lib/thumb/v7e-m+fp/hard\libc_nano.a(libc_a-fstatr.o)
                0x0800eadc                _fstat_r
 .text._isatty_r
                0x0800eb00       0x20 C:/ST/STM32CubeIDE_1.15.0/STM32CubeIDE/plugins/com.st.stm32cube.ide.mcu.externaltools.gnu-tools-for-stm32.12.3.rel1.win32_1.0.100.202403111256/tools/bin/../lib/gcc/arm-none-eabi/12.3.1/../../../../arm-none-eabi/lib/thumb/v7e-m+fp/hard\libc_nano.a(libc_a-isattyr.o)
                0x0800eb00                _isatty_r
 .text._sbrk_r  0x0800eb20       0x20 C:/ST/STM32CubeIDE_1.15.0/STM32CubeIDE/plugins/com.st.stm32cube.ide.mcu.externaltools.gnu-tools-for-stm32.12.3.rel1.win32_1.0.100.202403111256/tools/bin/../lib/gcc/arm-none-eabi/12.3.1/../../../../arm-none-eabi/lib/thumb/v7e-m+fp/hard\libc_nano.a(libc_a-sbrkr.o)
                0x0800eb20                _sbrk_r
 .text.abort    0x0800eb40        0xe C:/ST/STM32CubeIDE_1.15.0/STM32CubeIDE/plugins/com.st.stm32cube.ide.mcu.externaltools.gnu-tools-for-stm32.12.3.rel1.win32_1.0.100.202403111256/tools/bin/../lib/gcc/arm-none-eabi/12.3.1/../../../../arm-none-eabi/lib/thumb/v7e-m+fp/hard\libc_nano.a(libc_a-abort.o)
                0x0800eb40                abort
 .text._realloc_r
                0x0800eb4e       0x5c C:/ST/STM32CubeIDE_1.15.0/STM32CubeIDE/plugins/com.st.stm32cube.ide.mcu.externaltools.gnu-tools-for-stm32.12.3.rel1.win32_1.0.100.202403111256/tools/bin/../lib/gcc/arm-none-eabi/12.3.1/../../../../arm-none-eabi/lib/thumb/v7e-m+fp/hard\libc_nano.a(libc_a-reallocr.o)
                0x0800eb4e                _realloc_r
 .text.__sfputc_r
                0x0800ebaa       0x2e C:/ST/STM32CubeIDE_1.15.0/STM32CubeIDE/plugins/com.st.stm32cube.ide.mcu.externaltools.gnu-tools-for-stm32.12.3.rel1.win32_1.0.100.202403111256/tools/bin/../lib/gcc/arm-none-eabi/12.3.1/../../../../arm-none-eabi/lib/thumb/v7e-m+fp/hard\libc_nano.a(libc_a-nano-vfprintf.o)
 .text.__sfputs_r
                0x0800ebd8       0x24 C:/ST/STM32CubeIDE_1.15.0/STM32CubeIDE/plugins/com.st.stm32cube.ide.mcu.externaltools.gnu-tools-for-stm32.12.3.rel1.win32_1.0.100.202403111256/tools/bin/../lib/gcc/arm-none-eabi/12.3.1/../../../../arm-none-eabi/lib/thumb/v7e-m+fp/hard\libc_nano.a(libc_a-nano-vfprintf.o)
                0x0800ebd8                __sfputs_r
 .text._vfprintf_r
                0x0800ebfc      0x230 C:/ST/STM32CubeIDE_1.15.0/STM32CubeIDE/plugins/com.st.stm32cube.ide.mcu.externaltools.gnu-tools-for-stm32.12.3.rel1.win32_1.0.100.202403111256/tools/bin/../lib/gcc/arm-none-eabi/12.3.1/../../../../arm-none-eabi/lib/thumb/v7e-m+fp/hard\libc_nano.a(libc_a-nano-vfprintf.o)
                0x0800ebfc                _vfprintf_r
                0x0800ebfc                _vfiprintf_r
 .text._raise_r
                0x0800ee2c       0x50 C:/ST/STM32CubeIDE_1.15.0/STM32CubeIDE/plugins/com.st.stm32cube.ide.mcu.externaltools.gnu-tools-for-stm32.12.3.rel1.win32_1.0.100.202403111256/tools/bin/../lib/gcc/arm-none-eabi/12.3.1/../../../../arm-none-eabi/lib/thumb/v7e-m+fp/hard\libc_nano.a(libc_a-signal.o)
                0x0800ee2c                _raise_r
 .text.raise    0x0800ee7c       0x10 C:/ST/STM32CubeIDE_1.15.0/STM32CubeIDE/plugins/com.st.stm32cube.ide.mcu.externaltools.gnu-tools-for-stm32.12.3.rel1.win32_1.0.100.202403111256/tools/bin/../lib/gcc/arm-none-eabi/12.3.1/../../../../arm-none-eabi/lib/thumb/v7e-m+fp/hard\libc_nano.a(libc_a-signal.o)
                0x0800ee7c                raise
 .text._kill_r  0x0800ee8c       0x24 C:/ST/STM32CubeIDE_1.15.0/STM32CubeIDE/plugins/com.st.stm32cube.ide.mcu.externaltools.gnu-tools-for-stm32.12.3.rel1.win32_1.0.100.202403111256/tools/bin/../lib/gcc/arm-none-eabi/12.3.1/../../../../arm-none-eabi/lib/thumb/v7e-m+fp/hard\libc_nano.a(libc_a-signalr.o)
                0x0800ee8c                _kill_r
 .text._getpid_r
                0x0800eeb0        0x4 C:/ST/STM32CubeIDE_1.15.0/STM32CubeIDE/plugins/com.st.stm32cube.ide.mcu.externaltools.gnu-tools-for-stm32.12.3.rel1.win32_1.0.100.202403111256/tools/bin/../lib/gcc/arm-none-eabi/12.3.1/../../../../arm-none-eabi/lib/thumb/v7e-m+fp/hard\libc_nano.a(libc_a-signalr.o)
                0x0800eeb0                _getpid_r
 .text._malloc_usable_size_r
                0x0800eeb4       0x10 C:/ST/STM32CubeIDE_1.15.0/STM32CubeIDE/plugins/com.st.stm32cube.ide.mcu.externaltools.gnu-tools-for-stm32.12.3.rel1.win32_1.0.100.202403111256/tools/bin/../lib/gcc/arm-none-eabi/12.3.1/../../../../arm-none-eabi/lib/thumb/v7e-m+fp/hard\libc_nano.a(libc_a-msizer.o)
                0x0800eeb4                _malloc_usable_size_r
 *(.glue_7)
 .glue_7        0x0800eec4        0x0 linker stubs
 *(.glue_7t)
 .glue_7t       0x0800eec4        0x0 linker stubs
 *(.eh_frame)
 .eh_frame      0x0800eec4        0x0 C:/ST/STM32CubeIDE_1.15.0/STM32CubeIDE/plugins/com.st.stm32cube.ide.mcu.externaltools.gnu-tools-for-stm32.12.3.rel1.win32_1.0.100.202403111256/tools/bin/../lib/gcc/arm-none-eabi/12.3.1/thumb/v7e-m+fp/hard/crtbegin.o
 *(.init)
 .init          0x0800eec4        0x4 C:/ST/STM32CubeIDE_1.15.0/STM32CubeIDE/plugins/com.st.stm32cube.ide.mcu.externaltools.gnu-tools-for-stm32.12.3.rel1.win32_1.0.100.202403111256/tools/bin/../lib/gcc/arm-none-eabi/12.3.1/thumb/v7e-m+fp/hard/crti.o
                0x0800eec4                _init
 .init          0x0800eec8        0x8 C:/ST/STM32CubeIDE_1.15.0/STM32CubeIDE/plugins/com.st.stm32cube.ide.mcu.externaltools.gnu-tools-for-stm32.12.3.rel1.win32_1.0.100.202403111256/tools/bin/../lib/gcc/arm-none-eabi/12.3.1/thumb/v7e-m+fp/hard/crtn.o
 *(.fini)
 .fini          0x0800eed0        0x4 C:/ST/STM32CubeIDE_1.15.0/STM32CubeIDE/plugins/com.st.stm32cube.ide.mcu.externaltools.gnu-tools-for-stm32.12.3.rel1.win32_1.0.100.202403111256/tools/bin/../lib/gcc/arm-none-eabi/12.3.1/thumb/v7e-m+fp/hard/crti.o
                0x0800eed0                _fini
 .fini          0x0800eed4        0x8 C:/ST/STM32CubeIDE_1.15.0/STM32CubeIDE/plugins/com.st.stm32cube.ide.mcu.externaltools.gnu-tools-for-stm32.12.3.rel1.win32_1.0.100.202403111256/tools/bin/../lib/gcc/arm-none-eabi/12.3.1/thumb/v7e-m+fp/hard/crtn.o
                0x0800eedc                        . = ALIGN (0x4)
                0x0800eedc                        _etext = .

.vfp11_veneer   0x0800eedc        0x0
 .vfp11_veneer  0x0800eedc        0x0 linker stubs

.v4_bx          0x0800eedc        0x0
 .v4_bx         0x0800eedc        0x0 linker stubs

.iplt           0x0800eedc        0x0
 .iplt          0x0800eedc        0x0 C:/ST/STM32CubeIDE_1.15.0/STM32CubeIDE/plugins/com.st.stm32cube.ide.mcu.externaltools.gnu-tools-for-stm32.12.3.rel1.win32_1.0.100.202403111256/tools/bin/../lib/gcc/arm-none-eabi/12.3.1/thumb/v7e-m+fp/hard/crtbegin.o

.rodata         0x0800eedc      0x5c0
                0x0800eedc                        . = ALIGN (0x4)
 *(.rodata)
 .rodata        0x0800eedc       0x39 ./Core/Src/app_freertos.o
 *fill*         0x0800ef15        0x3 
 .rodata        0x0800ef18      0x1ff ./Core/Src/main.o
 *fill*         0x0800f117        0x1 
 .rodata        0x0800f118        0x5 ./Middlewares/Third_Party/FreeRTOS/Source/tasks.o
 *fill*         0x0800f11d        0x3 
 .rodata        0x0800f120        0xd ./Middlewares/Third_Party/FreeRTOS/Source/timers.o
 *fill*         0x0800f12d        0x3 
 .rodata        0x0800f130       0x3a ./USB_Device/App/usbd_desc.o
 *(.rodata*)
 *fill*         0x0800f16a        0x2 
 .rodata.Angle_Cal_attributes
                0x0800f16c       0x24 ./Core/Src/main.o
                0x0800f16c                Angle_Cal_attributes
 .rodata.Servo_Base_attributes
                0x0800f190       0x24 ./Core/Src/main.o
                0x0800f190                Servo_Base_attributes
 .rodata.Servo_Joint_1_attributes
                0x0800f1b4       0x24 ./Core/Src/main.o
                0x0800f1b4                Servo_Joint_1_attributes
 .rodata.Servo_Gripper_attributes
                0x0800f1d8       0x24 ./Core/Src/main.o
                0x0800f1d8                Servo_Gripper_attributes
 .rodata.Servo_Joint_2_attributes
                0x0800f1fc       0x24 ./Core/Src/main.o
                0x0800f1fc                Servo_Joint_2_attributes
 .rodata.Base_Servo_Angele_attributes
                0x0800f220       0x18 ./Core/Src/main.o
                0x0800f220                Base_Servo_Angele_attributes
 .rodata.Joint1_Servo_Angle_attributes
                0x0800f238       0x18 ./Core/Src/main.o
                0x0800f238                Joint1_Servo_Angle_attributes
 .rodata.Joint2_Servo_Angle_attributes
                0x0800f250       0x18 ./Core/Src/main.o
                0x0800f250                Joint2_Servo_Angle_attributes
 .rodata.Gripper_Servo_Angle_attributes
                0x0800f268       0x18 ./Core/Src/main.o
                0x0800f268                Gripper_Servo_Angle_attributes
 .rodata.Load_Mutex_attributes
                0x0800f280       0x10 ./Core/Src/main.o
                0x0800f280                Load_Mutex_attributes
 .rodata.Moving_Lock_attributes
                0x0800f290       0x10 ./Core/Src/main.o
                0x0800f290                Moving_Lock_attributes
 .rodata.AHBPrescTable
                0x0800f2a0       0x10 ./Core/Src/system_stm32g4xx.o
                0x0800f2a0                AHBPrescTable
 .rodata.APBPrescTable
                0x0800f2b0        0x8 ./Core/Src/system_stm32g4xx.o
                0x0800f2b0                APBPrescTable
 .rodata._ctype_
                0x0800f2b8      0x101 C:/ST/STM32CubeIDE_1.15.0/STM32CubeIDE/plugins/com.st.stm32cube.ide.mcu.externaltools.gnu-tools-for-stm32.12.3.rel1.win32_1.0.100.202403111256/tools/bin/../lib/gcc/arm-none-eabi/12.3.1/../../../../arm-none-eabi/lib/thumb/v7e-m+fp/hard\libc_nano.a(libc_a-ctype_.o)
                0x0800f2b8                _ctype_
 .rodata.strtok.str1.1
                0x0800f3b9       0x71 C:/ST/STM32CubeIDE_1.15.0/STM32CubeIDE/plugins/com.st.stm32cube.ide.mcu.externaltools.gnu-tools-for-stm32.12.3.rel1.win32_1.0.100.202403111256/tools/bin/../lib/gcc/arm-none-eabi/12.3.1/../../../../arm-none-eabi/lib/thumb/v7e-m+fp/hard\libc_nano.a(libc_a-strtok.o)
 .rodata.__assert_func.str1.1
                0x0800f42a       0x3c C:/ST/STM32CubeIDE_1.15.0/STM32CubeIDE/plugins/com.st.stm32cube.ide.mcu.externaltools.gnu-tools-for-stm32.12.3.rel1.win32_1.0.100.202403111256/tools/bin/../lib/gcc/arm-none-eabi/12.3.1/../../../../arm-none-eabi/lib/thumb/v7e-m+fp/hard\libc_nano.a(libc_a-assert.o)
                                 0x3d (size before relaxing)
 .rodata._svfprintf_r.str1.1
                0x0800f466       0x11 C:/ST/STM32CubeIDE_1.15.0/STM32CubeIDE/plugins/com.st.stm32cube.ide.mcu.externaltools.gnu-tools-for-stm32.12.3.rel1.win32_1.0.100.202403111256/tools/bin/../lib/gcc/arm-none-eabi/12.3.1/../../../../arm-none-eabi/lib/thumb/v7e-m+fp/hard\libc_nano.a(libc_a-nano-svfprintf.o)
 .rodata._printf_i.str1.1
                0x0800f477       0x22 C:/ST/STM32CubeIDE_1.15.0/STM32CubeIDE/plugins/com.st.stm32cube.ide.mcu.externaltools.gnu-tools-for-stm32.12.3.rel1.win32_1.0.100.202403111256/tools/bin/../lib/gcc/arm-none-eabi/12.3.1/../../../../arm-none-eabi/lib/thumb/v7e-m+fp/hard\libc_nano.a(libc_a-nano-vfprintf_i.o)
 .rodata._vfprintf_r.str1.1
                0x0800f499       0x11 C:/ST/STM32CubeIDE_1.15.0/STM32CubeIDE/plugins/com.st.stm32cube.ide.mcu.externaltools.gnu-tools-for-stm32.12.3.rel1.win32_1.0.100.202403111256/tools/bin/../lib/gcc/arm-none-eabi/12.3.1/../../../../arm-none-eabi/lib/thumb/v7e-m+fp/hard\libc_nano.a(libc_a-nano-vfprintf.o)
                0x0800f4ac                        . = ALIGN (0x4)
 *fill*         0x0800f499        0x3 

.ARM.extab      0x0800f49c        0x0
                0x0800f49c                        . = ALIGN (0x4)
 *(.ARM.extab* .gnu.linkonce.armextab.*)
                0x0800f49c                        . = ALIGN (0x4)

.ARM            0x0800f49c        0x8
                0x0800f49c                        . = ALIGN (0x4)
                0x0800f49c                        __exidx_start = .
 *(.ARM.exidx*)
 .ARM.exidx     0x0800f49c        0x8 C:/ST/STM32CubeIDE_1.15.0/STM32CubeIDE/plugins/com.st.stm32cube.ide.mcu.externaltools.gnu-tools-for-stm32.12.3.rel1.win32_1.0.100.202403111256/tools/bin/../lib/gcc/arm-none-eabi/12.3.1/../../../../arm-none-eabi/lib/thumb/v7e-m+fp/hard\libc_nano.a(libc_a-strlen.o)