../Core/Src/main.c:148:5:main	8	static
../Core/Src/main.c:261:6:SystemClock_Config	88	static
../Core/Src/main.c:308:13:MX_TIM2_Init	64	static
../Core/Src/main.c:379:13:MX_GPIO_Init	40	static
../Core/Src/main.c:405:6:Pwm_WriteServo	24	static
../Core/Src/main.c:426:6:Servo_Ramp	32	static
../Core/Src/main.c:448:6:Angle_Cal_Task	32	static
../Core/Src/main.c:549:6:Servo_Base_Task	32	static
../Core/Src/main.c:585:6:Servo_Joint_1_Task	24	static
../Core/Src/main.c:622:6:Servo_Gripper_Task	24	static
../Core/Src/main.c:659:6:Servo_Joint_2_Task	24	static
../Core/Src/main.c:696:6:HAL_TIM_PeriodElapsedCallback	16	static
../Core/Src/main.c:713:6:Error_Handler	4	static,ignoring_inline_asm
